Component: ARM Compiler 5.05 (build 41) Tool: armlink [4d0eb9]

==============================================================================

Section Cross References

    startup_stm32l433xx.o(RESET) refers to startup_stm32l433xx.o(STACK) for __initial_sp
    startup_stm32l433xx.o(RESET) refers to startup_stm32l433xx.o(.text) for Reset_Handler
    startup_stm32l433xx.o(RESET) refers to stm32l4xx_it.o(i.NMI_Handler) for NMI_Handler
    startup_stm32l433xx.o(RESET) refers to stm32l4xx_it.o(i.HardFault_Handler) for HardFault_Handler
    startup_stm32l433xx.o(RESET) refers to stm32l4xx_it.o(i.MemManage_Handler) for MemManage_Handler
    startup_stm32l433xx.o(RESET) refers to stm32l4xx_it.o(i.BusFault_Handler) for BusFault_Handler
    startup_stm32l433xx.o(RESET) refers to stm32l4xx_it.o(i.UsageFault_Handler) for UsageFault_Handler
    startup_stm32l433xx.o(RESET) refers to port.o(.emb_text) for SVC_Handler
    startup_stm32l433xx.o(RESET) refers to stm32l4xx_it.o(i.DebugMon_Handler) for DebugMon_Handler
    startup_stm32l433xx.o(RESET) refers to stm32l4xx_it.o(i.SysTick_Handler) for SysTick_Handler
    startup_stm32l433xx.o(RESET) refers to stm32l4xx_it.o(i.TIM1_UP_TIM16_IRQHandler) for TIM1_UP_TIM16_IRQHandler
    startup_stm32l433xx.o(RESET) refers to stm32l4xx_it.o(i.TIM2_IRQHandler) for TIM2_IRQHandler
    startup_stm32l433xx.o(RESET) refers to at_driver.o(i.USART1_IRQHandler) for USART1_IRQHandler
    startup_stm32l433xx.o(.text) refers to system_stm32l4xx.o(i.SystemInit) for SystemInit
    startup_stm32l433xx.o(.text) refers to entry.o(.ARM.Collect$$$$00000000) for __main
    stm32l4xx_hal_msp.o(i.HAL_MspInit) refers to stm32l4xx_hal_cortex.o(i.HAL_NVIC_SetPriorityGrouping) for HAL_NVIC_SetPriorityGrouping
    stm32l4xx_hal_msp.o(i.HAL_MspInit) refers to stm32l4xx_hal_cortex.o(i.HAL_NVIC_SetPriority) for HAL_NVIC_SetPriority
    stm32l4xx_hal_msp.o(i.HAL_TIM_Base_MspDeInit) refers to stm32l4xx_hal_cortex.o(i.HAL_NVIC_DisableIRQ) for HAL_NVIC_DisableIRQ
    stm32l4xx_hal_msp.o(i.HAL_TIM_Base_MspInit) refers to stm32l4xx_hal_cortex.o(i.HAL_NVIC_SetPriority) for HAL_NVIC_SetPriority
    stm32l4xx_hal_msp.o(i.HAL_TIM_Base_MspInit) refers to stm32l4xx_hal_cortex.o(i.HAL_NVIC_EnableIRQ) for HAL_NVIC_EnableIRQ
    stm32l4xx_hal_msp.o(i.HAL_UART_MspDeInit) refers to stm32l4xx_hal_gpio.o(i.HAL_GPIO_DeInit) for HAL_GPIO_DeInit
    stm32l4xx_hal_msp.o(i.HAL_UART_MspDeInit) refers to stm32l4xx_hal_cortex.o(i.HAL_NVIC_DisableIRQ) for HAL_NVIC_DisableIRQ
    stm32l4xx_hal_msp.o(i.HAL_UART_MspInit) refers to stm32l4xx_hal_gpio.o(i.HAL_GPIO_Init) for HAL_GPIO_Init
    stm32l4xx_hal_msp.o(i.HAL_UART_MspInit) refers to stm32l4xx_hal_cortex.o(i.HAL_NVIC_SetPriority) for HAL_NVIC_SetPriority
    stm32l4xx_hal_msp.o(i.HAL_UART_MspInit) refers to stm32l4xx_hal_cortex.o(i.HAL_NVIC_EnableIRQ) for HAL_NVIC_EnableIRQ
    main.o(i.BeatHeartTask) refers to printfa.o(i.__0printf) for __2printf
    main.o(i.BeatHeartTask) refers to stm32l4xx_hal.o(i.HAL_Delay) for HAL_Delay
    main.o(i.HAL_TIM_PeriodElapsedCallback) refers to stm32l4xx_hal.o(i.HAL_IncTick) for HAL_IncTick
    main.o(i.MX_TIM2_Init) refers to stm32l4xx_hal_tim.o(i.HAL_TIM_Base_Init) for HAL_TIM_Base_Init
    main.o(i.MX_TIM2_Init) refers to stm32l4xx_hal_tim.o(i.HAL_TIM_ConfigClockSource) for HAL_TIM_ConfigClockSource
    main.o(i.MX_TIM2_Init) refers to stm32l4xx_hal_tim_ex.o(i.HAL_TIMEx_MasterConfigSynchronization) for HAL_TIMEx_MasterConfigSynchronization
    main.o(i.MX_TIM2_Init) refers to main.o(.bss) for .bss
    main.o(i.MX_USART1_UART_Init) refers to stm32l4xx_hal_uart.o(i.HAL_UART_Init) for HAL_UART_Init
    main.o(i.MX_USART1_UART_Init) refers to main.o(.bss) for .bss
    main.o(i.MX_USART2_UART_Init) refers to stm32l4xx_hal_uart.o(i.HAL_UART_Init) for HAL_UART_Init
    main.o(i.MX_USART2_UART_Init) refers to main.o(.bss) for .bss
    main.o(i.StartDefaultTask) refers to printfa.o(i.__0printf) for __2printf
    main.o(i.StartDefaultTask) refers to stm32l4xx_hal.o(i.HAL_Delay) for HAL_Delay
    main.o(i.SystemClock_Config) refers to stm32l4xx_hal_rcc.o(i.HAL_RCC_OscConfig) for HAL_RCC_OscConfig
    main.o(i.SystemClock_Config) refers to stm32l4xx_hal_rcc.o(i.HAL_RCC_ClockConfig) for HAL_RCC_ClockConfig
    main.o(i.SystemClock_Config) refers to stm32l4xx_hal_rcc_ex.o(i.HAL_RCCEx_PeriphCLKConfig) for HAL_RCCEx_PeriphCLKConfig
    main.o(i.SystemClock_Config) refers to stm32l4xx_hal_pwr_ex.o(i.HAL_PWREx_ControlVoltageScaling) for HAL_PWREx_ControlVoltageScaling
    main.o(i.SystemClock_Config) refers to stm32l4xx_hal_rcc.o(i.HAL_RCC_GetHCLKFreq) for HAL_RCC_GetHCLKFreq
    main.o(i.SystemClock_Config) refers to stm32l4xx_hal_cortex.o(i.HAL_SYSTICK_Config) for HAL_SYSTICK_Config
    main.o(i.SystemClock_Config) refers to stm32l4xx_hal_cortex.o(i.HAL_SYSTICK_CLKSourceConfig) for HAL_SYSTICK_CLKSourceConfig
    main.o(i.SystemClock_Config) refers to stm32l4xx_hal_cortex.o(i.HAL_NVIC_SetPriority) for HAL_NVIC_SetPriority
[...]
    .constdata                               0x0800b869   Section      563  tc_iot_mqtt.o(.constdata)
    __FUNCTION__                             0x0800b869   Data           6  tc_iot_mqtt.o(.constdata)
    __FUNCTION__                             0x0800b86f   Data           8  tc_iot_mqtt.o(.constdata)
    __FUNCTION__                             0x0800b877   Data          21  tc_iot_mqtt.o(.constdata)
    __FUNCTION__                             0x0800b88c   Data          18  tc_iot_mqtt.o(.constdata)
    __FUNCTION__                             0x0800b89e   Data          18  tc_iot_mqtt.o(.constdata)
    __FUNCTION__                             0x0800b8b0   Data          18  tc_iot_mqtt.o(.constdata)
    __FUNCTION__                             0x0800b8c2   Data          13  tc_iot_mqtt.o(.constdata)
    __FUNCTION__                             0x0800b8cf   Data          17  tc_iot_mqtt.o(.constdata)
    __FUNCTION__                             0x0800b8e0   Data          13  tc_iot_mqtt.o(.constdata)
    __FUNCTION__                             0x0800b8ed   Data          11  tc_iot_mqtt.o(.constdata)
    __FUNCTION__                             0x0800b8f8   Data          15  tc_iot_mqtt.o(.constdata)
    __FUNCTION__                             0x0800b907   Data          15  tc_iot_mqtt.o(.constdata)
    __FUNCTION__                             0x0800b916   Data          10  tc_iot_mqtt.o(.constdata)
    __FUNCTION__                             0x0800b920   Data          18  tc_iot_mqtt.o(.constdata)
    __FUNCTION__                             0x0800b932   Data          22  tc_iot_mqtt.o(.constdata)
    __FUNCTION__                             0x0800b948   Data          33  tc_iot_mqtt.o(.constdata)
    __FUNCTION__                             0x0800b969   Data          20  tc_iot_mqtt.o(.constdata)
    __FUNCTION__                             0x0800b97d   Data          32  tc_iot_mqtt.o(.constdata)
    __FUNCTION__                             0x0800b99d   Data          35  tc_iot_mqtt.o(.constdata)
    __FUNCTION__                             0x0800b9c0   Data          22  tc_iot_mqtt.o(.constdata)
    __FUNCTION__                             0x0800b9d6   Data          24  tc_iot_mqtt.o(.constdata)
    __FUNCTION__                             0x0800b9ee   Data          20  tc_iot_mqtt.o(.constdata)
    __FUNCTION__                             0x0800ba02   Data          25  tc_iot_mqtt.o(.constdata)
    __FUNCTION__                             0x0800ba1b   Data          22  tc_iot_mqtt.o(.constdata)
    __FUNCTION__                             0x0800ba31   Data          22  tc_iot_mqtt.o(.constdata)
    __FUNCTION__                             0x0800ba47   Data          31  tc_iot_mqtt.o(.constdata)
    __FUNCTION__                             0x0800ba66   Data          31  tc_iot_mqtt.o(.constdata)
    __FUNCTION__                             0x0800ba85   Data          23  tc_iot_mqtt.o(.constdata)
    .constdata                               0x0800ba9c   Section       80  tc_iot_token.o(.constdata)
    __FUNCTION__                             0x0800ba9c   Data          21  tc_iot_token.o(.constdata)
    __FUNCTION__                             0x0800bab1   Data          36  tc_iot_token.o(.constdata)
    __FUNCTION__                             0x0800bad5   Data          23  tc_iot_token.o(.constdata)
    .constdata                               0x0800baec   Section       21  app_main.o(.constdata)
    __FUNCTION__                             0x0800baec   Data          21  app_main.o(.constdata)
    .constdata                               0x0800bb01   Section      129  ctype_o.o(.constdata)
    .constdata                               0x0800bb84   Section        4  ctype_o.o(.constdata)
    table                                    0x0800bb84   Data           4  ctype_o.o(.constdata)
    .constdata                               0x0800bb88   Section       12  mktime.o(.constdata)
    monlen                                   0x0800bb88   Data          12  mktime.o(.constdata)
    .constdata                               0x0800bb94   Section       12  localtime_i.o(.constdata)
    monlen                                   0x0800bb94   Data          12  localtime_i.o(.constdata)
    .conststring                             0x0800bba0   Section       74  tc_iot_http_utils.o(.conststring)
    .conststring                             0x0800bbec   Section       97  tc_iot_mqtt.o(.conststring)
    .conststring                             0x0800bc50   Section      103  app_main.o(.conststring)
    .data                                    0x20000000   Section        4  retarget.o(.data)
    .data                                    0x20000004   Section        4  retarget.o(.data)
    .data                                    0x20000008   Section        4  system_stm32l4xx.o(.data)
    .data                                    0x2000000c   Section        4  stm32l4xx_hal.o(.data)
    .data                                    0x20000010   Section       60  tasks.o(.data)
    uxDeletedTasksWaitingCleanUp             0x20000014   Data           4  tasks.o(.data)
    uxCurrentNumberOfTasks                   0x20000018   Data           4  tasks.o(.data)
    xTickCount                               0x2000001c   Data           4  tasks.o(.data)
    uxTopReadyPriority                       0x20000020   Data           4  tasks.o(.data)
    xSchedulerRunning                        0x20000024   Data           4  tasks.o(.data)
    uxPendedTicks                            0x20000028   Data           4  tasks.o(.data)
    xYieldPending                            0x2000002c   Data           4  tasks.o(.data)
    xNumOfOverflows                          0x20000030   Data           4  tasks.o(.data)
    uxTaskNumber                             0x20000034   Data           4  tasks.o(.data)
    xNextTaskUnblockTime                     0x20000038   Data           4  tasks.o(.data)
    xIdleTaskHandle                          0x2000003c   Data           4  tasks.o(.data)
    uxSchedulerSuspended                     0x20000040   Data           4  tasks.o(.data)
    pxDelayedTaskList                        0x20000044   Data           4  tasks.o(.data)
    pxOverflowDelayedTaskList                0x20000048   Data           4  tasks.o(.data)
    .data                                    0x2000004c   Section        4  at_driver.o(.data)
    pAtUart                                  0x2000004c   Data           4  at_driver.o(.data)
    .data                                    0x20000050   Section        4  tc_iot_hal_os.o(.data)
    _rand_seed                               0x20000050   Data           4  tc_iot_hal_os.o(.data)
    .data                                    0x20000054   Section        1  tc_iot_log.o(.data)
    g_tc_iot_log_level                       0x20000054   Data           1  tc_iot_log.o(.data)
    .data                                    0x20000055   Section       17  tc_iot_url.o(.data)
    hexchars                                 0x20000055   Data          17  tc_iot_url.o(.data)
    .data                                    0x20000068   Section        4  mqttpacket.o(.data)
    bufptr                                   0x20000068   Data           4  mqttpacket.o(.data)
    .data                                    0x2000006c   Section      806  app_main.o(.data)
    stop                                     0x20000070   Data           4  app_main.o(.data)
    .data                                    0x20000394   Section        4  errno.o(.data)
    _errno                                   0x20000394   Data           4  errno.o(.data)
    .bss                                     0x20000398   Section      304  main.o(.bss)
    .bss                                     0x200004c8   Section       64  stm32l4xx_hal_timebase_tim.o(.bss)
    .bss                                     0x20000508   Section      240  tasks.o(.bss)
    pxReadyTasksLists                        0x20000508   Data         140  tasks.o(.bss)
    xDelayedTaskList1                        0x20000594   Data          20  tasks.o(.bss)
    xDelayedTaskList2                        0x200005a8   Data          20  tasks.o(.bss)
    xPendingReadyList                        0x200005bc   Data          20  tasks.o(.bss)
    xTasksWaitingTermination                 0x200005d0   Data          20  tasks.o(.bss)
    xSuspendedTaskList                       0x200005e4   Data          20  tasks.o(.bss)
    .bss                                     0x200005f8   Section     2054  at_driver.o(.bss)
    .bss                                     0x20000dfe   Section      128  tc_iot_log.o(.bss)
    g_tc_iot_log_summary_print_str           0x20000dfe   Data         128  tc_iot_log.o(.bss)
    STACK                                    0x20000e80   Section     5632  startup_stm32l433xx.o(STACK)

    Global Symbols

    Symbol Name                              Value     Ov Type        Size  Object(Section)

    BuildAttributes$$THM_ISAv4$E$P$D$K$B$S$7EM$VFPi3$EXTD16$VFPS$VFMA$PE$A:L22UL41UL21$X:L11$S22US41US21$IEEE1$IW$USESV6$~STKCKD$USESV7$~SHL$OTIME$ROPI$IEEEJ$EBA8$MICROLIB$REQ8$PRES8$EABIv2 0x00000000   Number         0  anon$$obj.o ABSOLUTE
    __ARM_use_no_argv                        0x00000000   Number         0  main.o ABSOLUTE
    _printf_a                                0x00000000   Number         0  stubs.o ABSOLUTE
    _printf_c                                0x00000000   Number         0  stubs.o ABSOLUTE
    _printf_charcount                        0x00000000   Number         0  stubs.o ABSOLUTE
    _printf_d                                0x00000000   Number         0  stubs.o ABSOLUTE
    _printf_e                                0x00000000   Number         0  stubs.o ABSOLUTE
    _printf_f                                0x00000000   Number         0  stubs.o ABSOLUTE
    _printf_flags                            0x00000000   Number         0  stubs.o ABSOLUTE
    _printf_fp_dec                           0x00000000   Number         0  stubs.o ABSOLUTE
    _printf_fp_hex                           0x00000000   Number         0  stubs.o ABSOLUTE
    _printf_g                                0x00000000   Number         0  stubs.o ABSOLUTE
    _printf_i                                0x00000000   Number         0  stubs.o ABSOLUTE
    _printf_int_dec                          0x00000000   Number         0  stubs.o ABSOLUTE
    _printf_l                                0x00000000   Number         0  stubs.o ABSOLUTE
    _printf_lc                               0x00000000   Number         0  stubs.o ABSOLUTE
    _printf_ll                               0x00000000   Number         0  stubs.o ABSOLUTE
    _printf_lld                              0x00000000   Number         0  stubs.o ABSOLUTE
    _printf_lli                              0x00000000   Number         0  stubs.o ABSOLUTE
    _printf_llo                              0x00000000   Number         0  stubs.o ABSOLUTE
    _printf_llu                              0x00000000   Number         0  stubs.o ABSOLUTE
    _printf_llx                              0x00000000   Number         0  stubs.o ABSOLUTE
    _printf_longlong_dec                     0x00000000   Number         0  stubs.o ABSOLUTE
    _printf_longlong_hex                     0x00000000   Number         0  stubs.o ABSOLUTE
    _printf_longlong_oct                     0x00000000   Number         0  stubs.o ABSOLUTE
    _printf_ls                               0x00000000   Number         0  stubs.o ABSOLUTE
    _printf_mbtowc                           0x00000000   Number         0  stubs.o ABSOLUTE
    _printf_n                                0x00000000   Number         0  stubs.o ABSOLUTE
    _printf_o                                0x00000000   Number         0  stubs.o ABSOLUTE
    _printf_p                                0x00000000   Number         0  stubs.o ABSOLUTE
    _printf_percent                          0x00000000   Number         0  stubs.o ABSOLUTE
    _printf_pre_padding                      0x00000000   Number         0  stubs.o ABSOLUTE
    _printf_return_value                     0x00000000   Number         0  stubs.o ABSOLUTE
    _printf_s                                0x00000000   Number         0  stubs.o ABSOLUTE
    _printf_sizespec                         0x00000000   Number         0  stubs.o ABSOLUTE
    _printf_str                              0x00000000   Number         0  stubs.o ABSOLUTE
    _printf_truncate_signed                  0x00000000   Number         0  stubs.o ABSOLUTE
    _printf_truncate_unsigned                0x00000000   Number         0  stubs.o ABSOLUTE
    _printf_u                                0x00000000   Number         0  stubs.o ABSOLUTE
    _printf_wc                               0x00000000   Number         0  stubs.o ABSOLUTE
    _printf_wctomb                           0x00000000   Number         0  stubs.o ABSOLUTE
    _printf_widthprec                        0x00000000   Number         0  stubs.o ABSOLUTE
    _printf_x                                0x00000000   Number         0  stubs.o ABSOLUTE
    __cpp_initialize__aeabi_                  - Undefined Weak Reference
    __cxa_finalize                            - Undefined Weak Reference
    _clock_init                               - Undefined Weak Reference
    _microlib_exit                            - Undefined Weak Reference
    _scanf_longlong                           - Undefined Weak Reference
    __Vectors_Size                           0x0000018c   Number         0  startup_stm32l433xx.o ABSOLUTE
    __Vectors                                0x08000000   Data           4  startup_stm32l433xx.o(RESET)
    __Vectors_End                            0x0800018c   Data           0  startup_stm32l433xx.o(RESET)
    __main                                   0x0800018d   Thumb Code     0  entry.o(.ARM.Collect$$$$00000000)
    _main_stk                                0x0800018d   Thumb Code     0  entry2.o(.ARM.Collect$$$$00000001)
    _main_scatterload                        0x08000191   Thumb Code     0  entry5.o(.ARM.Collect$$$$00000004)
    __main_after_scatterload                 0x08000195   Thumb Code     0  entry5.o(.ARM.Collect$$$$00000004)
    _main_clock                              0x08000195   Thumb Code     0  entry7b.o(.ARM.Collect$$$$00000008)
    _main_cpp_init                           0x08000195   Thumb Code     0  entry8b.o(.ARM.Collect$$$$0000000A)
    _main_init                               0x08000195   Thumb Code     0  entry9a.o(.ARM.Collect$$$$0000000B)
    __rt_final_cpp                           0x0800019d   Thumb Code     0  entry10a.o(.ARM.Collect$$$$0000000D)
    __rt_final_exit                          0x0800019d   Thumb Code     0  entry11a.o(.ARM.Collect$$$$0000000F)
    SVC_Handler                              0x080001a1   Thumb Code    28  port.o(.emb_text)
    __asm___6_port_c_39a90d8d__prvStartFirstTask 0x080001c1   Thumb Code    28  port.o(.emb_text)
    __asm___6_port_c_39a90d8d__prvEnableVFP  0x080001e1   Thumb Code    16  port.o(.emb_text)
    PendSV_Handler                           0x080001f5   Thumb Code    92  port.o(.emb_text)
    vPortGetIPSR                             0x08000255   Thumb Code     6  port.o(.emb_text)
    Reset_Handler                            0x0800025d   Thumb Code     8  startup_stm32l433xx.o(.text)
    ADC1_IRQHandler                          0x08000277   Thumb Code     0  startup_stm32l433xx.o(.text)
    CAN1_RX0_IRQHandler                      0x08000277   Thumb Code     0  startup_stm32l433xx.o(.text)
    CAN1_RX1_IRQHandler                      0x08000277   Thumb Code     0  startup_stm32l433xx.o(.text)
    CAN1_SCE_IRQHandler                      0x08000277   Thumb Code     0  startup_stm32l433xx.o(.text)
    CAN1_TX_IRQHandler                       0x08000277   Thumb Code     0  startup_stm32l433xx.o(.text)
    COMP_IRQHandler                          0x08000277   Thumb Code     0  startup_stm32l433xx.o(.text)
    CRS_IRQHandler                           0x08000277   Thumb Code     0  startup_stm32l433xx.o(.text)
    DMA1_Channel1_IRQHandler                 0x08000277   Thumb Code     0  startup_stm32l433xx.o(.text)
    DMA1_Channel2_IRQHandler                 0x08000277   Thumb Code     0  startup_stm32l433xx.o(.text)
    DMA1_Channel3_IRQHandler                 0x08000277   Thumb Code     0  startup_stm32l433xx.o(.text)
    DMA1_Channel4_IRQHandler                 0x08000277   Thumb Code     0  startup_stm32l433xx.o(.text)
    DMA1_Channel5_IRQHandler                 0x08000277   Thumb Code     0  startup_stm32l433xx.o(.text)
    DMA1_Channel6_IRQHandler                 0x08000277   Thumb Code     0  startup_stm32l433xx.o(.text)
    DMA1_Channel7_IRQHandler                 0x08000277   Thumb Code     0  startup_stm32l433xx.o(.text)
    DMA2_Channel1_IRQHandler                 0x08000277   Thumb Code     0  startup_stm32l433xx.o(.text)
    DMA2_Channel2_IRQHandler                 0x08000277   Thumb Code     0  startup_stm32l433xx.o(.text)
    DMA2_Channel3_IRQHandler                 0x08000277   Thumb Code     0  startup_stm32l433xx.o(.text)
    DMA2_Channel4_IRQHandler                 0x08000277   Thumb Code     0  startup_stm32l433xx.o(.text)
    DMA2_Channel5_IRQHandler                 0x08000277   Thumb Code     0  startup_stm32l433xx.o(.text)
    DMA2_Channel6_IRQHandler                 0x08000277   Thumb Code     0  startup_stm32l433xx.o(.text)
    DMA2_Channel7_IRQHandler                 0x08000277   Thumb Code     0  startup_stm32l433xx.o(.text)
    EXTI0_IRQHandler                         0x08000277   Thumb Code     0  startup_stm32l433xx.o(.text)
    EXTI15_10_IRQHandler                     0x08000277   Thumb Code     0  startup_stm32l433xx.o(.text)
    EXTI1_IRQHandler                         0x08000277   Thumb Code     0  startup_stm32l433xx.o(.text)
    EXTI2_IRQHandler                         0x08000277   Thumb Code     0  startup_stm32l433xx.o(.text)
    EXTI3_IRQHandler                         0x08000277   Thumb Code     0  startup_stm32l433xx.o(.text)
    EXTI4_IRQHandler                         0x08000277   Thumb Code     0  startup_stm32l433xx.o(.text)
    EXTI9_5_IRQHandler                       0x08000277   Thumb Code     0  startup_stm32l433xx.o(.text)
    FLASH_IRQHandler                         0x08000277   Thumb Code     0  startup_stm32l433xx.o(.text)
    FPU_IRQHandler                           0x08000277   Thumb Code     0  startup_stm32l433xx.o(.text)
    I2C1_ER_IRQHandler                       0x08000277   Thumb Code     0  startup_stm32l433xx.o(.text)
    I2C1_EV_IRQHandler                       0x08000277   Thumb Code     0  startup_stm32l433xx.o(.text)
    I2C2_ER_IRQHandler                       0x08000277   Thumb Code     0  startup_stm32l433xx.o(.text)
    I2C2_EV_IRQHandler                       0x08000277   Thumb Code     0  startup_stm32l433xx.o(.text)
    I2C3_ER_IRQHandler                       0x08000277   Thumb Code     0  startup_stm32l433xx.o(.text)
    I2C3_EV_IRQHandler                       0x08000277   Thumb Code     0  startup_stm32l433xx.o(.text)
    LCD_IRQHandler                           0x08000277   Thumb Code     0  startup_stm32l433xx.o(.text)
    LPTIM1_IRQHandler                        0x08000277   Thumb Code     0  startup_stm32l433xx.o(.text)
    LPTIM2_IRQHandler                        0x08000277   Thumb Code     0  startup_stm32l433xx.o(.text)
    LPUART1_IRQHandler                       0x08000277   Thumb Code     0  startup_stm32l433xx.o(.text)
    PVD_PVM_IRQHandler                       0x08000277   Thumb Code     0  startup_stm32l433xx.o(.text)
    QUADSPI_IRQHandler                       0x08000277   Thumb Code     0  startup_stm32l433xx.o(.text)
    RCC_IRQHandler                           0x08000277   Thumb Code     0  startup_stm32l433xx.o(.text)
    RNG_IRQHandler                           0x08000277   Thumb Code     0  startup_stm32l433xx.o(.text)
    RTC_Alarm_IRQHandler                     0x08000277   Thumb Code     0  startup_stm32l433xx.o(.text)
    RTC_WKUP_IRQHandler                      0x08000277   Thumb Code     0  startup_stm32l433xx.o(.text)
    SAI1_IRQHandler                          0x08000277   Thumb Code     0  startup_stm32l433xx.o(.text)
    SDMMC1_IRQHandler                        0x08000277   Thumb Code     0  startup_stm32l433xx.o(.text)
    SPI1_IRQHandler                          0x08000277   Thumb Code     0  startup_stm32l433xx.o(.text)
    SPI2_IRQHandler                          0x08000277   Thumb Code     0  startup_stm32l433xx.o(.text)
    SPI3_IRQHandler                          0x08000277   Thumb Code     0  startup_stm32l433xx.o(.text)
    SWPMI1_IRQHandler                        0x08000277   Thumb Code     0  startup_stm32l433xx.o(.text)
    TAMP_STAMP_IRQHandler                    0x08000277   Thumb Code     0  startup_stm32l433xx.o(.text)
    TIM1_BRK_TIM15_IRQHandler                0x08000277   Thumb Code     0  startup_stm32l433xx.o(.text)
    TIM1_CC_IRQHandler                       0x08000277   Thumb Code     0  startup_stm32l433xx.o(.text)
    TIM1_TRG_COM_IRQHandler                  0x08000277   Thumb Code     0  startup_stm32l433xx.o(.text)
    TIM6_DAC_IRQHandler                      0x08000277   Thumb Code     0  startup_stm32l433xx.o(.text)
    TIM7_IRQHandler                          0x08000277   Thumb Code     0  startup_stm32l433xx.o(.text)
    TSC_IRQHandler                           0x08000277   Thumb Code     0  startup_stm32l433xx.o(.text)
    USART2_IRQHandler                        0x08000277   Thumb Code     0  startup_stm32l433xx.o(.text)
    USART3_IRQHandler                        0x08000277   Thumb Code     0  startup_stm32l433xx.o(.text)
    USB_IRQHandler                           0x08000277   Thumb Code     0  startup_stm32l433xx.o(.text)
    WWDG_IRQHandler                          0x08000277   Thumb Code     0  startup_stm32l433xx.o(.text)
    __aeabi_uldivmod                         0x08000281   Thumb Code    98  uldiv.o(.text)
    __rt_ctype_table                         0x080002e5   Thumb Code     4  ctype_o.o(.text)
    isspace                                  0x080002ed   Thumb Code    18  isspace_o.o(.text)
    mktime                                   0x08000301   Thumb Code   150  mktime.o(.text)
    ___aeabi_memcpy8$ret                     0x080003a9   Thumb Code     0  memcpy.o(.text)
    __aeabi_memcpy                           0x080003a9   Thumb Code    40  memcpy.o(.text)
    __aeabi_memcpy4                          0x080003a9   Thumb Code     0  memcpy.o(.text)
    memcpy                                   0x080003a9   Thumb Code     0  memcpy.o(.text)
    __aeabi_memset                           0x080003d1   Thumb Code    14  memseta.o(.text)
    __aeabi_memset4                          0x080003d1   Thumb Code     0  memseta.o(.text)
    __aeabi_memset8                          0x080003d1   Thumb Code     0  memseta.o(.text)
    __aeabi_memclr                           0x080003df   Thumb Code     4  memseta.o(.text)
    __aeabi_memclr4                          0x080003df   Thumb Code     0  memseta.o(.text)
    __aeabi_memclr8                          0x080003df   Thumb Code     0  memseta.o(.text)
    _memset$wrapper                          0x080003e3   Thumb Code    18  memseta.o(.text)
    strstr                                   0x080003f5   Thumb Code    36  strstr.o(.text)
    strncpy                                  0x08000419   Thumb Code    24  strncpy.o(.text)
    strchr                                   0x08000431   Thumb Code    20  strchr.o(.text)
    strlen                                   0x08000445   Thumb Code    14  strlen.o(.text)
    strcmp                                   0x08000453   Thumb Code    28  strcmp.o(.text)
    strcpy                                   0x0800046f   Thumb Code    18  strcpy.o(.text)
    strncmp                                  0x08000481   Thumb Code    30  strncmp.o(.text)
    __0sscanf                                0x080004a1   Thumb Code    48  __0sscanf.o(.text)
    _scanf_int                               0x080004d9   Thumb Code   332  _scanf_int.o(.text)
    _scanf_string                            0x08000625   Thumb Code   224  _scanf_str.o(.text)
    atol                                     0x08000705   Thumb Code    26  atol.o(.text)
    __aeabi_uidiv                            0x0800071f   Thumb Code     0  uidiv.o(.text)
    __aeabi_uidivmod                         0x0800071f   Thumb Code    44  uidiv.o(.text)
    __aeabi_llsl                             0x0800074b   Thumb Code    30  llshl.o(.text)
    _ll_shift_l                              0x0800074b   Thumb Code     0  llshl.o(.text)
    __aeabi_llsr                             0x08000769   Thumb Code    32  llushr.o(.text)
    _ll_ushift_r                             0x08000769   Thumb Code     0  llushr.o(.text)
    _localtime                               0x08000789   Thumb Code   134  localtime_i.o(.text)
    _chval                                   0x08000815   Thumb Code    28  _chval.o(.text)
    __vfscanf_char                           0x0800083d   Thumb Code    20  scanf_char.o(.text)
    _sgetc                                   0x08000859   Thumb Code    30  _sgetc.o(.text)
    _sbackspace                              0x08000877   Thumb Code    34  _sgetc.o(.text)
    strtol                                   0x08000899   Thumb Code   112  strtol.o(.text)
    __I$use$fp                               0x08000909   Thumb Code     0  iusefp.o(.text)
    __aeabi_dadd                             0x08000909   Thumb Code   322  dadd.o(.text)
    __aeabi_dsub                             0x08000a4b   Thumb Code     6  dadd.o(.text)
    __aeabi_drsub                            0x08000a51   Thumb Code     6  dadd.o(.text)
    __aeabi_dmul                             0x08000a57   Thumb Code   228  dmul.o(.text)
    __aeabi_ddiv                             0x08000b3b   Thumb Code   222  ddiv.o(.text)
    __aeabi_d2ulz                            0x08000c19   Thumb Code    48  dfixul.o(.text)
    __aeabi_cdrcmple                         0x08000c49   Thumb Code    48  cdrcmple.o(.text)
    __scatterload                            0x08000c79   Thumb Code    28  init.o(.text)
    __scatterload_rt2                        0x08000c79   Thumb Code     0  init.o(.text)
    __aeabi_lasr                             0x08000c9d   Thumb Code    36  llsshr.o(.text)
    _ll_sshift_r                             0x08000c9d   Thumb Code     0  llsshr.o(.text)
    __vfscanf                                0x08000cc1   Thumb Code   808  _scanf.o(.text)
    _strtoul                                 0x08000fed   Thumb Code   158  _strtoul.o(.text)
    _double_round                            0x0800108b   Thumb Code    30  depilogue.o(.text)
    _double_epilogue                         0x080010a9   Thumb Code   156  depilogue.o(.text)
    __decompress                             0x08001145   Thumb Code     0  __dczerorl2.o(.text)
    __decompress1                            0x08001145   Thumb Code    86  __dczerorl2.o(.text)
    BusFault_Handler                         0x0800119b   Thumb Code     2  stm32l4xx_it.o(i.BusFault_Handler)
    DebugMon_Handler                         0x0800119d   Thumb Code     2  stm32l4xx_it.o(i.DebugMon_Handler)
    GetLocalTimeByGsm                        0x080011a1   Thumb Code    56  at_for_sim900.o(i.GetLocalTimeByGsm)
    GetTimeStampByGsm                        0x080011f5   Thumb Code   166  at_for_sim900.o(i.GetTimeStampByGsm)
    HAL_Delay                                0x080012c9   Thumb Code    28  stm32l4xx_hal.o(i.HAL_Delay)
    HAL_GPIO_Init                            0x080012e5   Thumb Code   364  stm32l4xx_hal_gpio.o(i.HAL_GPIO_Init)
    HAL_GetTick                              0x0800146d   Thumb Code     6  stm32l4xx_hal.o(i.HAL_GetTick)
    HAL_IncTick                              0x08001479   Thumb Code    10  stm32l4xx_hal.o(i.HAL_IncTick)
    HAL_Init                                 0x08001489   Thumb Code    22  stm32l4xx_hal.o(i.HAL_Init)
    HAL_InitTick                             0x080014a1   Thumb Code   100  stm32l4xx_hal_timebase_tim.o(i.HAL_InitTick)
    HAL_MspInit                              0x08001515   Thumb Code   122  stm32l4xx_hal_msp.o(i.HAL_MspInit)
    HAL_NVIC_EnableIRQ                       0x08001595   Thumb Code    22  stm32l4xx_hal_cortex.o(i.HAL_NVIC_EnableIRQ)
    HAL_NVIC_SetPriority                     0x080015ad   Thumb Code    60  stm32l4xx_hal_cortex.o(i.HAL_NVIC_SetPriority)
    HAL_NVIC_SetPriorityGrouping             0x080015ed   Thumb Code    26  stm32l4xx_hal_cortex.o(i.HAL_NVIC_SetPriorityGrouping)
    HAL_PWREx_ControlVoltageScaling          0x08001611   Thumb Code    86  stm32l4xx_hal_pwr_ex.o(i.HAL_PWREx_ControlVoltageScaling)
    HAL_PWREx_GetVoltageRange                0x08001675   Thumb Code    10  stm32l4xx_hal_pwr_ex.o(i.HAL_PWREx_GetVoltageRange)
    HAL_RCCEx_PeriphCLKConfig                0x08001685   Thumb Code   736  stm32l4xx_hal_rcc_ex.o(i.HAL_RCCEx_PeriphCLKConfig)
    HAL_RCC_ClockConfig                      0x0800196d   Thumb Code   362  stm32l4xx_hal_rcc.o(i.HAL_RCC_ClockConfig)
    HAL_RCC_GetClockConfig                   0x08001ae9   Thumb Code    54  stm32l4xx_hal_rcc.o(i.HAL_RCC_GetClockConfig)
    HAL_RCC_GetHCLKFreq                      0x08001b29   Thumb Code     6  stm32l4xx_hal_rcc.o(i.HAL_RCC_GetHCLKFreq)
    HAL_RCC_GetPCLK1Freq                     0x08001b35   Thumb Code    20  stm32l4xx_hal_rcc.o(i.HAL_RCC_GetPCLK1Freq)
    HAL_RCC_GetPCLK2Freq                     0x08001b55   Thumb Code    20  stm32l4xx_hal_rcc.o(i.HAL_RCC_GetPCLK2Freq)
    HAL_RCC_GetSysClockFreq                  0x08001b75   Thumb Code   182  stm32l4xx_hal_rcc.o(i.HAL_RCC_GetSysClockFreq)
    HAL_RCC_OscConfig                        0x08001c39   Thumb Code  1198  stm32l4xx_hal_rcc.o(i.HAL_RCC_OscConfig)
    HAL_SYSTICK_CLKSourceConfig              0x080020ed   Thumb Code    24  stm32l4xx_hal_cortex.o(i.HAL_SYSTICK_CLKSourceConfig)
    HAL_SYSTICK_Config                       0x08002105   Thumb Code    40  stm32l4xx_hal_cortex.o(i.HAL_SYSTICK_Config)
    HAL_TIMEx_BreakCallback                  0x0800212d   Thumb Code     2  stm32l4xx_hal_tim_ex.o(i.HAL_TIMEx_BreakCallback)
    HAL_TIMEx_CommutationCallback            0x0800212f   Thumb Code     2  stm32l4xx_hal_tim_ex.o(i.HAL_TIMEx_CommutationCallback)
    HAL_TIMEx_MasterConfigSynchronization    0x08002131   Thumb Code    72  stm32l4xx_hal_tim_ex.o(i.HAL_TIMEx_MasterConfigSynchronization)
    HAL_TIM_Base_Init                        0x0800217d   Thumb Code    56  stm32l4xx_hal_tim.o(i.HAL_TIM_Base_Init)
    HAL_TIM_Base_MspInit                     0x080021b5   Thumb Code    50  stm32l4xx_hal_msp.o(i.HAL_TIM_Base_MspInit)
    HAL_TIM_Base_Start_IT                    0x080021ed   Thumb Code    24  stm32l4xx_hal_tim.o(i.HAL_TIM_Base_Start_IT)
    HAL_TIM_ConfigClockSource                0x08002205   Thumb Code   246  stm32l4xx_hal_tim.o(i.HAL_TIM_ConfigClockSource)
    HAL_TIM_IC_CaptureCallback               0x08002301   Thumb Code     2  stm32l4xx_hal_tim.o(i.HAL_TIM_IC_CaptureCallback)
    HAL_TIM_IRQHandler                       0x08002303   Thumb Code   358  stm32l4xx_hal_tim.o(i.HAL_TIM_IRQHandler)
    HAL_TIM_OC_DelayElapsedCallback          0x08002469   Thumb Code     2  stm32l4xx_hal_tim.o(i.HAL_TIM_OC_DelayElapsedCallback)
    HAL_TIM_PWM_PulseFinishedCallback        0x0800246b   Thumb Code     2  stm32l4xx_hal_tim.o(i.HAL_TIM_PWM_PulseFinishedCallback)
    HAL_TIM_PeriodElapsedCallback            0x0800246d   Thumb Code    14  main.o(i.HAL_TIM_PeriodElapsedCallback)
    HAL_TIM_TriggerCallback                  0x08002481   Thumb Code     2  stm32l4xx_hal_tim.o(i.HAL_TIM_TriggerCallback)
    HAL_UART_Init                            0x08002483   Thumb Code   108  stm32l4xx_hal_uart.o(i.HAL_UART_Init)
    HAL_UART_MspInit                         0x080024f1   Thumb Code   140  stm32l4xx_hal_msp.o(i.HAL_UART_MspInit)
    HAL_UART_Transmit                        0x08002589   Thumb Code   178  stm32l4xx_hal_uart.o(i.HAL_UART_Transmit)
    HardFault_Handler                        0x0800263b   Thumb Code     2  stm32l4xx_it.o(i.HardFault_Handler)
    MQTTDeserialize_ack                      0x0800263d   Thumb Code    72  mqttdeserializepublish.o(i.MQTTDeserialize_ack)
    MQTTDeserialize_connack                  0x08002685   Thumb Code    92  mqttconnectclient.o(i.MQTTDeserialize_connack)
    MQTTDeserialize_publish                  0x080026e1   Thumb Code   138  mqttdeserializepublish.o(i.MQTTDeserialize_publish)
    MQTTDeserialize_suback                   0x0800276b   Thumb Code   124  mqttsubscribeclient.o(i.MQTTDeserialize_suback)
    MQTTPacket_decode                        0x080027e7   Thumb Code    54  mqttpacket.o(i.MQTTPacket_decode)
    MQTTPacket_decodeBuf                     0x0800281d   Thumb Code    10  mqttpacket.o(i.MQTTPacket_decodeBuf)
    MQTTPacket_encode                        0x08002831   Thumb Code    40  mqttpacket.o(i.MQTTPacket_encode)
    MQTTPacket_equals                        0x08002859   Thumb Code    52  mqttpacket.o(i.MQTTPacket_equals)
    MQTTPacket_len                           0x0800288d   Thumb Code    34  mqttpacket.o(i.MQTTPacket_len)
    MQTTSerialize_ack                        0x080028b5   Thumb Code    72  mqttserializepublish.o(i.MQTTSerialize_ack)
    MQTTSerialize_connect                    0x080028fd   Thumb Code   262  mqttconnectclient.o(i.MQTTSerialize_connect)
    MQTTSerialize_connectLength              0x08002a15   Thumb Code   118  mqttconnectclient.o(i.MQTTSerialize_connectLength)
    MQTTSerialize_disconnect                 0x08002a8b   Thumb Code     6  mqttconnectclient.o(i.MQTTSerialize_disconnect)
    MQTTSerialize_pingreq                    0x08002a91   Thumb Code     6  mqttconnectclient.o(i.MQTTSerialize_pingreq)
    MQTTSerialize_publish                    0x08002a97   Thumb Code   134  mqttserializepublish.o(i.MQTTSerialize_publish)
    MQTTSerialize_publishLength              0x08002b1d   Thumb Code    30  mqttserializepublish.o(i.MQTTSerialize_publishLength)
    MQTTSerialize_subscribe                  0x08002b3d   Thumb Code   140  mqttsubscribeclient.o(i.MQTTSerialize_subscribe)
    MQTTSerialize_subscribeLength            0x08002bc9   Thumb Code    46  mqttsubscribeclient.o(i.MQTTSerialize_subscribeLength)
    MQTTSerialize_zero                       0x08002bf7   Thumb Code    50  mqttconnectclient.o(i.MQTTSerialize_zero)
    MQTTstrlen                               0x08002c29   Thumb Code    14  mqttpacket.o(i.MQTTstrlen)
    MemManage_Handler                        0x08002cfd   Thumb Code     2  stm32l4xx_it.o(i.MemManage_Handler)
    NMI_Handler                              0x08002cff   Thumb Code     2  stm32l4xx_it.o(i.NMI_Handler)
    SysTick_Handler                          0x08002ecd   Thumb Code     4  stm32l4xx_it.o(i.SysTick_Handler)
    SystemClock_Config                       0x08002ed1   Thumb Code   122  main.o(i.SystemClock_Config)
    SystemInit                               0x08002f4d   Thumb Code    56  system_stm32l4xx.o(i.SystemInit)
    TIM1_UP_TIM16_IRQHandler                 0x08002f91   Thumb Code     6  stm32l4xx_it.o(i.TIM1_UP_TIM16_IRQHandler)
    TIM2_IRQHandler                          0x08002f9d   Thumb Code     6  stm32l4xx_it.o(i.TIM2_IRQHandler)
    TIM_Base_SetConfig                       0x08002fa9   Thumb Code    94  stm32l4xx_hal_tim.o(i.TIM_Base_SetConfig)
    TIM_ETR_SetConfig                        0x08003015   Thumb Code    20  stm32l4xx_hal_tim.o(i.TIM_ETR_SetConfig)
    UART_AdvFeatureConfig                    0x0800307f   Thumb Code   200  stm32l4xx_hal_uart.o(i.UART_AdvFeatureConfig)
    UART_CheckIdleState                      0x08003147   Thumb Code    92  stm32l4xx_hal_uart.o(i.UART_CheckIdleState)
    UART_SetConfig                           0x080031a5   Thumb Code   558  stm32l4xx_hal_uart.o(i.UART_SetConfig)
    UART_WaitOnFlagUntilTimeout              0x080033fd   Thumb Code   100  stm32l4xx_hal_uart.o(i.UART_WaitOnFlagUntilTimeout)
    USART1_IRQHandler                        0x08003461   Thumb Code    62  at_driver.o(i.USART1_IRQHandler)
    UsageFault_Handler                       0x080034a9   Thumb Code     2  stm32l4xx_it.o(i.UsageFault_Handler)
    WaitForAck                               0x080034ad   Thumb Code    72  at_driver.o(i.WaitForAck)
    __0printf                                0x080034f9   Thumb Code    22  printfa.o(i.__0printf)
    __1printf                                0x080034f9   Thumb Code     0  printfa.o(i.__0printf)
    __2printf                                0x080034f9   Thumb Code     0  printfa.o(i.__0printf)
    __c89printf                              0x080034f9   Thumb Code     0  printfa.o(i.__0printf)
    printf                                   0x080034f9   Thumb Code     0  printfa.o(i.__0printf)
    __0snprintf                              0x08003519   Thumb Code    36  printfa.o(i.__0snprintf)
    __1snprintf                              0x08003519   Thumb Code     0  printfa.o(i.__0snprintf)
    __2snprintf                              0x08003519   Thumb Code     0  printfa.o(i.__0snprintf)
    __c89snprintf                            0x08003519   Thumb Code     0  printfa.o(i.__0snprintf)
    snprintf                                 0x08003519   Thumb Code     0  printfa.o(i.__0snprintf)
    __aeabi_errno_addr                       0x08003541   Thumb Code     4  errno.o(i.__aeabi_errno_addr)
    __rt_errno_addr                          0x08003541   Thumb Code     0  errno.o(i.__aeabi_errno_addr)
    __scatterload_copy                       0x08003549   Thumb Code    14  handlers.o(i.__scatterload_copy)
    __scatterload_null                       0x08003557   Thumb Code     2  handlers.o(i.__scatterload_null)
    __scatterload_zeroinit                   0x08003559   Thumb Code    14  handlers.o(i.__scatterload_zeroinit)
    _on_message_received                     0x08003b59   Thumb Code   164  app_main.o(i._on_message_received)
    _refresh_token                           0x08004425   Thumb Code    82  app_main.o(i._refresh_token)
    _unicode_char_to_long                    0x08004725   Thumb Code   160  tc_iot_json.o(i._unicode_char_to_long)
    atAlive                                  0x08004a49   Thumb Code    28  at_driver.o(i.atAlive)
    atEchoOff                                0x08004a71   Thumb Code    28  at_driver.o(i.atEchoOff)
    at_send_data                             0x08004a99   Thumb Code    16  at_driver.o(i.at_send_data)
    bufchar                                  0x08004aad   Thumb Code    30  mqttpacket.o(i.bufchar)
    cycle                                    0x08004b51   Thumb Code   634  tc_iot_mqtt.o(i.cycle)
    deliverMessage                           0x08004fed   Thumb Code   264  tc_iot_mqtt.o(i.deliverMessage)
    exec_gsm_at                              0x08005155   Thumb Code   130  at_driver.o(i.exec_gsm_at)
    fputc                                    0x080051dd   Thumb Code    22  retarget.o(i.fputc)
    gsm_hw_init                              0x080051f9   Thumb Code     4  at_driver.o(i.gsm_hw_init)
    http_post_urlencoded                     0x080051fd   Thumb Code   342  tc_iot_token.o(i.http_post_urlencoded)
    http_refresh_auth_token                  0x08005415   Thumb Code    16  tc_iot_token.o(i.http_refresh_auth_token)
    http_refresh_auth_token_with_expire      0x08005429   Thumb Code  1832  tc_iot_token.o(i.http_refresh_auth_token_with_expire)
    init_send_cmd                            0x08005c01   Thumb Code    62  at_driver.o(i.init_send_cmd)
    jsmn_init                                0x08005d7b   Thumb Code    12  jsmn.o(i.jsmn_init)
    jsmn_parse                               0x08005d87   Thumb Code   402  jsmn.o(i.jsmn_parse)
    keepalive                                0x08006079   Thumb Code   158  tc_iot_mqtt.o(i.keepalive)
    main                                     0x08006165   Thumb Code   100  main.o(i.main)
    my_default_msg_handler                   0x0800623d   Thumb Code    10  app_main.o(i.my_default_msg_handler)
    my_disconnect_handler                    0x08006261   Thumb Code    14  app_main.o(i.my_disconnect_handler)
    net_connectState_by_gsm                  0x08006275   Thumb Code    44  at_for_sim900.o(i.net_connectState_by_gsm)
    net_connect_by_gsm                       0x080062bd   Thumb Code    82  at_for_sim900.o(i.net_connect_by_gsm)
    net_destroy_by_gsm                       0x0800633d   Thumb Code    44  at_for_sim900.o(i.net_destroy_by_gsm)
    net_disconnect_by_gsm                    0x08006381   Thumb Code    44  at_for_sim900.o(i.net_disconnect_by_gsm)
    net_init_by_gsm                          0x080063c1   Thumb Code   234  at_for_sim900.o(i.net_init_by_gsm)
    net_read_by_gsm                          0x0800653d   Thumb Code   186  at_for_sim900.o(i.net_read_by_gsm)
    net_write_by_gsm                         0x0800661d   Thumb Code   180  at_for_sim900.o(i.net_write_by_gsm)
    osSystickHandler                         0x080066ed   Thumb Code    20  cmsis_os.o(i.osSystickHandler)
    readChar                                 0x08006721   Thumb Code    12  mqttpacket.o(i.readChar)
    readInt                                  0x0800672d   Thumb Code    18  mqttpacket.o(i.readInt)
    readMQTTLenString                        0x0800673f   Thumb Code    52  mqttpacket.o(i.readMQTTLenString)
    report_status                            0x080068fd   Thumb Code   116  app_main.o(i.report_status)
    run_mqtt                                 0x08006a31   Thumb Code   128  app_main.o(i.run_mqtt)
    tc_io_main                               0x08006b6d   Thumb Code   108  app_main.o(i.tc_io_main)
    tc_iot_base64_encode                     0x08006c1d   Thumb Code   310  tc_iot_base64.o(i.tc_iot_base64_encode)
    tc_iot_calc_auth_sign                    0x08006e11   Thumb Code   502  tc_iot_http_utils.o(i.tc_iot_calc_auth_sign)
    tc_iot_copy_net_context                  0x08007175   Thumb Code    28  tc_iot_hal_net.o(i.tc_iot_copy_net_context)
    tc_iot_create_auth_request_form          0x08007191   Thumb Code   376  tc_iot_http_utils.o(i.tc_iot_create_auth_request_form)
    tc_iot_create_http_request               0x080073d9   Thumb Code   352  tc_iot_http_utils.o(i.tc_iot_create_http_request)
    tc_iot_create_post_request               0x08007621   Thumb Code    42  tc_iot_http_utils.o(i.tc_iot_create_post_request)
    tc_iot_hal_net_connect                   0x08007689   Thumb Code   126  tc_iot_hal_net.o(i.tc_iot_hal_net_connect)
    tc_iot_hal_net_destroy                   0x0800778d   Thumb Code     4  tc_iot_hal_net.o(i.tc_iot_hal_net_destroy)
    tc_iot_hal_net_disconnect                0x08007791   Thumb Code    10  tc_iot_hal_net.o(i.tc_iot_hal_net_disconnect)
    tc_iot_hal_net_init                      0x0800779d   Thumb Code    48  tc_iot_hal_net.o(i.tc_iot_hal_net_init)
    tc_iot_hal_net_is_connected              0x080077e5   Thumb Code    32  tc_iot_hal_net.o(i.tc_iot_hal_net_is_connected)
    tc_iot_hal_net_read                      0x08007805   Thumb Code    86  tc_iot_hal_net.o(i.tc_iot_hal_net_read)
    tc_iot_hal_net_write                     0x080078ad   Thumb Code    16  tc_iot_hal_net.o(i.tc_iot_hal_net_write)
    tc_iot_hal_sleep_ms                      0x080078bd   Thumb Code    10  tc_iot_hal_os.o(i.tc_iot_hal_sleep_ms)
    tc_iot_hal_srandom                       0x080078c9   Thumb Code     6  tc_iot_hal_os.o(i.tc_iot_hal_srandom)
    tc_iot_hal_timer_countdown_ms            0x080078d5   Thumb Code     8  tc_iot_hal_timer.o(i.tc_iot_hal_timer_countdown_ms)
    tc_iot_hal_timer_countdown_second        0x080078dd   Thumb Code    14  tc_iot_hal_timer.o(i.tc_iot_hal_timer_countdown_second)
    tc_iot_hal_timer_init                    0x080078eb   Thumb Code    12  tc_iot_hal_timer.o(i.tc_iot_hal_timer_init)
    tc_iot_hal_timer_is_expired              0x080078f7   Thumb Code    22  tc_iot_hal_timer.o(i.tc_iot_hal_timer_is_expired)
    tc_iot_hal_timer_left_ms                 0x0800790d   Thumb Code    14  tc_iot_hal_timer.o(i.tc_iot_hal_timer_left_ms)
    tc_iot_hal_timestamp                     0x0800791b   Thumb Code     4  tc_iot_hal_os.o(i.tc_iot_hal_timestamp)
    tc_iot_hmac_sha256                       0x0800791f   Thumb Code   124  tc_iot_hmac.o(i.tc_iot_hmac_sha256)
    tc_iot_http_request_append_body          0x08007a1d   Thumb Code    98  tc_iot_http_utils.o(i.tc_iot_http_request_append_body)
    tc_iot_http_request_append_header        0x08007ad9   Thumb Code   178  tc_iot_http_utils.o(i.tc_iot_http_request_append_header)
    tc_iot_http_request_init                 0x08007bf5   Thumb Code   208  tc_iot_http_utils.o(i.tc_iot_http_request_init)
    tc_iot_http_request_n_append_header      0x08007d49   Thumb Code   170  tc_iot_http_utils.o(i.tc_iot_http_request_n_append_header)
    tc_iot_init_mqtt_conn_data               0x08007e5d   Thumb Code    52  tc_iot_mqtt.o(i.tc_iot_init_mqtt_conn_data)
    tc_iot_json_find_token                   0x08007e91   Thumb Code   444  tc_iot_json.o(i.tc_iot_json_find_token)
    tc_iot_json_parse                        0x08008129   Thumb Code   134  tc_iot_json.o(i.tc_iot_json_parse)
    tc_iot_json_unescape                     0x08008205   Thumb Code   334  tc_iot_json.o(i.tc_iot_json_unescape)
    tc_iot_jsoneq_len                        0x080083cd   Thumb Code   150  tc_iot_json.o(i.tc_iot_jsoneq_len)
    tc_iot_log_level_enabled                 0x080084bd   Thumb Code    16  tc_iot_log.o(i.tc_iot_log_level_enabled)
    tc_iot_log_summary_string                0x080084d1   Thumb Code    50  tc_iot_log.o(i.tc_iot_log_summary_string)
    tc_iot_mqtt_client_connect               0x0800850d   Thumb Code   238  tc_iot_client.o(i.tc_iot_mqtt_client_connect)
    tc_iot_mqtt_client_construct             0x080086bd   Thumb Code   102  tc_iot_client.o(i.tc_iot_mqtt_client_construct)
    tc_iot_mqtt_client_disconnect            0x08008781   Thumb Code    56  tc_iot_client.o(i.tc_iot_mqtt_client_disconnect)
    tc_iot_mqtt_client_is_connected          0x08008805   Thumb Code    14  tc_iot_client.o(i.tc_iot_mqtt_client_is_connected)
    tc_iot_mqtt_client_publish               0x08008815   Thumb Code    86  tc_iot_client.o(i.tc_iot_mqtt_client_publish)
    tc_iot_mqtt_client_subscribe             0x080088c1   Thumb Code    88  tc_iot_client.o(i.tc_iot_mqtt_client_subscribe)
    tc_iot_mqtt_client_yield                 0x08008975   Thumb Code    56  tc_iot_client.o(i.tc_iot_mqtt_client_yield)
    tc_iot_mqtt_connect                      0x080089f9   Thumb Code    58  tc_iot_mqtt.o(i.tc_iot_mqtt_connect)
    tc_iot_mqtt_connect_with_results         0x08008a81   Thumb Code   428  tc_iot_mqtt.o(i.tc_iot_mqtt_connect_with_results)
    tc_iot_mqtt_disconnect                   0x08008cf1   Thumb Code   124  tc_iot_mqtt.o(i.tc_iot_mqtt_disconnect)
    tc_iot_mqtt_get_auto_reconnect           0x08008da9   Thumb Code    50  tc_iot_mqtt.o(i.tc_iot_mqtt_get_auto_reconnect)
    tc_iot_mqtt_get_state                    0x08008e15   Thumb Code    50  tc_iot_mqtt.o(i.tc_iot_mqtt_get_state)
    tc_iot_mqtt_init                         0x08008e91   Thumb Code   366  tc_iot_mqtt.o(i.tc_iot_mqtt_init)
    tc_iot_mqtt_is_connected                 0x080090c5   Thumb Code    66  tc_iot_mqtt.o(i.tc_iot_mqtt_is_connected)
    tc_iot_mqtt_publish                      0x08009159   Thumb Code   542  tc_iot_mqtt.o(i.tc_iot_mqtt_publish)
    tc_iot_mqtt_reconnect                    0x080094ad   Thumb Code   446  tc_iot_mqtt.o(i.tc_iot_mqtt_reconnect)
    tc_iot_mqtt_set_message_handler          0x08009749   Thumb Code   230  tc_iot_mqtt.o(i.tc_iot_mqtt_set_message_handler)
    tc_iot_mqtt_set_state                    0x08009889   Thumb Code    58  tc_iot_mqtt.o(i.tc_iot_mqtt_set_state)
    tc_iot_mqtt_subscribe                    0x08009915   Thumb Code    96  tc_iot_mqtt.o(i.tc_iot_mqtt_subscribe)
    tc_iot_mqtt_subscribe_with_results       0x080099cd   Thumb Code   548  tc_iot_mqtt.o(i.tc_iot_mqtt_subscribe_with_results)
    tc_iot_mqtt_yield                        0x08009d09   Thumb Code   260  tc_iot_mqtt.o(i.tc_iot_mqtt_yield)
    tc_iot_parse_http_response_code          0x08009ea9   Thumb Code   214  tc_iot_http_utils.o(i.tc_iot_parse_http_response_code)
    tc_iot_unicode_to_utf8                   0x0800a2e5   Thumb Code   462  tc_iot_json.o(i.tc_iot_unicode_to_utf8)
    tc_iot_url_encode                        0x0800a561   Thumb Code   118  tc_iot_url.o(i.tc_iot_url_encode)
    tc_iot_url_parse                         0x0800a5dd   Thumb Code   350  tc_iot_url.o(i.tc_iot_url_parse)
    tc_iot_yabuffer_append                   0x0800a7bd   Thumb Code   102  tc_iot_ya_buffer.o(i.tc_iot_yabuffer_append)
    tc_iot_yabuffer_current                  0x0800a881   Thumb Code    50  tc_iot_ya_buffer.o(i.tc_iot_yabuffer_current)
    tc_iot_yabuffer_forward                  0x0800a8f9   Thumb Code   140  tc_iot_ya_buffer.o(i.tc_iot_yabuffer_forward)
    tc_iot_yabuffer_init                     0x0800aa45   Thumb Code   136  tc_iot_ya_buffer.o(i.tc_iot_yabuffer_init)
    tc_iot_yabuffer_left                     0x0800ab65   Thumb Code    56  tc_iot_ya_buffer.o(i.tc_iot_yabuffer_left)
    tc_iot_yabuffer_n_append                 0x0800abf1   Thumb Code   168  tc_iot_ya_buffer.o(i.tc_iot_yabuffer_n_append)
    tc_iot_yabuffer_reset                    0x0800ad3d   Thumb Code    66  tc_iot_ya_buffer.o(i.tc_iot_yabuffer_reset)
    uxListRemove                             0x0800add5   Thumb Code    36  list.o(i.uxListRemove)
    vListInsertEnd                           0x0800adf9   Thumb Code    24  list.o(i.vListInsertEnd)
    vTaskSwitchContext                       0x0800ae11   Thumb Code    82  tasks.o(i.vTaskSwitchContext)
    waitfor                                  0x0800ae6d   Thumb Code   128  tc_iot_mqtt.o(i.waitfor)
    writeCString                             0x0800af41   Thumb Code    40  mqttpacket.o(i.writeCString)
    writeChar                                0x0800af69   Thumb Code    12  mqttpacket.o(i.writeChar)
    writeInt                                 0x0800af75   Thumb Code    30  mqttpacket.o(i.writeInt)
    writeMQTTString                          0x0800af93   Thumb Code    54  mqttpacket.o(i.writeMQTTString)
    xPortSysTickHandler                      0x0800afc9   Thumb Code    38  port.o(i.xPortSysTickHandler)
    xTaskGetSchedulerState                   0x0800aff5   Thumb Code    22  tasks.o(i.xTaskGetSchedulerState)
    xTaskIncrementTick                       0x0800b011   Thumb Code   192  tasks.o(i.xTaskIncrementTick)
    AHBPrescTable                            0x0800b0d8   Data          16  system_stm32l4xx.o(.constdata)
    MSIRangeTable                            0x0800b0e8   Data          48  system_stm32l4xx.o(.constdata)
    APBPrescTable                            0x0800b118   Data           8  system_stm32l4xx.o(.constdata)
    __ctype_table                            0x0800bb01   Data         129  ctype_o.o(.constdata)
    Region$$Table$$Base                      0x0800bcb8   Number         0  anon$$obj.o(Region$$Table)
    Region$$Table$$Limit                     0x0800bcd8   Number         0  anon$$obj.o(Region$$Table)
    pDebugUart                               0x20000000   Data           4  retarget.o(.data)
    __stdout                                 0x20000004   Data           4  retarget.o(.data)
    SystemCoreClock                          0x20000008   Data           4  system_stm32l4xx.o(.data)
    uwTick                                   0x2000000c   Data           4  stm32l4xx_hal.o(.data)
    pxCurrentTCB                             0x20000010   Data           4  tasks.o(.data)
    use_static_token                         0x2000006c   Data           1  app_main.o(.data)
    g_tc_smartbox_data                       0x20000074   Data          27  app_main.o(.data)
    g_client_config                          0x20000090   Data         512  app_main.o(.data)
    sub_topic                                0x20000290   Data         129  app_main.o(.data)
    pub_topic                                0x20000311   Data         129  app_main.o(.data)
    htim2                                    0x20000398   Data          64  main.o(.bss)
    huart1                                   0x200003d8   Data         120  main.o(.bss)
    huart2                                   0x20000450   Data         120  main.o(.bss)
    htim1                                    0x200004c8   Data          64  stm32l4xx_hal_timebase_tim.o(.bss)
    g_RecvData                               0x200005f8   Data        2054  at_driver.o(.bss)
    __initial_sp                             0x20002480   Data           0  startup_stm32l433xx.o(STACK)



==============================================================================

Memory Map of the image

  Image Entry point : 0x0800018d

  Load Region LR_IROM1 (Base: 0x08000000, Size: 0x0000c070, Max: 0x00040000, ABSOLUTE, COMPRESSED[0x0000bd9c])

    Execution Region ER_IROM1 (Base: 0x08000000, Size: 0x0000bcd8, Max: 0x00040000, ABSOLUTE)

    Base Addr    Size         Type   Attr      Idx    E Section Name        Object

    0x08000000   0x0000018c   Data   RO            3    RESET               startup_stm32l433xx.o
    0x0800018c   0x00000000   Code   RO         6698  * .ARM.Collect$$$$00000000  mc_w.l(entry.o)
    0x0800018c   0x00000004   Code   RO         7031    .ARM.Collect$$$$00000001  mc_w.l(entry2.o)
    0x08000190   0x00000004   Code   RO         7034    .ARM.Collect$$$$00000004  mc_w.l(entry5.o)
    0x08000194   0x00000000   Code   RO         7036    .ARM.Collect$$$$00000008  mc_w.l(entry7b.o)
    0x08000194   0x00000000   Code   RO         7038    .ARM.Collect$$$$0000000A  mc_w.l(entry8b.o)
    0x08000194   0x00000008   Code   RO         7039    .ARM.Collect$$$$0000000B  mc_w.l(entry9a.o)
    0x0800019c   0x00000000   Code   RO         7041    .ARM.Collect$$$$0000000D  mc_w.l(entry10a.o)
    0x0800019c   0x00000000   Code   RO         7043    .ARM.Collect$$$$0000000F  mc_w.l(entry11a.o)
    0x0800019c   0x00000004   Code   RO         7032    .ARM.Collect$$$$00002712  mc_w.l(entry2.o)
    0x080001a0   0x000000ba   Code   RO         4704    .emb_text           port.o
    0x0800025a   0x00000002   PAD
    0x0800025c   0x00000024   Code   RO            4    .text               startup_stm32l433xx.o
    0x08000280   0x00000062   Code   RO         6701    .text               mc_w.l(uldiv.o)
    0x080002e2   0x00000002   PAD
    0x080002e4   0x00000008   Code   RO         6703    .text               mc_w.l(ctype_o.o)
    0x080002ec   0x00000012   Code   RO         6725    .text               mc_w.l(isspace_o.o)
    0x080002fe   0x00000002   PAD
    0x08000300   0x000000a8   Code   RO         6731    .text               mc_w.l(mktime.o)
    0x080003a8   0x00000028   Code   RO         6734    .text               mc_w.l(memcpy.o)
    0x080003d0   0x00000024   Code   RO         6738    .text               mc_w.l(memseta.o)
    0x080003f4   0x00000024   Code   RO         6740    .text               mc_w.l(strstr.o)
    0x08000418   0x00000018   Code   RO         6742    .text               mc_w.l(strncpy.o)
    0x08000430   0x00000014   Code   RO         6744    .text               mc_w.l(strchr.o)
    0x08000444   0x0000000e   Code   RO         6746    .text               mc_w.l(strlen.o)
    0x08000452   0x0000001c   Code   RO         6748    .text               mc_w.l(strcmp.o)
    0x0800046e   0x00000012   Code   RO         6752    .text               mc_w.l(strcpy.o)
    0x08000480   0x0000001e   Code   RO         6754    .text               mc_w.l(strncmp.o)
    0x0800049e   0x00000002   PAD
    0x080004a0   0x00000038   Code   RO         7021    .text               mc_w.l(__0sscanf.o)
    0x080004d8   0x0000014c   Code   RO         7023    .text               mc_w.l(_scanf_int.o)
    0x08000624   0x000000e0   Code   RO         7025    .text               mc_w.l(_scanf_str.o)
    0x08000704   0x0000001a   Code   RO         7029    .text               mc_w.l(atol.o)
    0x0800071e   0x0000002c   Code   RO         7045    .text               mc_w.l(uidiv.o)
    0x0800074a   0x0000001e   Code   RO         7047    .text               mc_w.l(llshl.o)
    0x08000768   0x00000020   Code   RO         7049    .text               mc_w.l(llushr.o)
    0x08000788   0x0000008c   Code   RO         7054    .text               mc_w.l(localtime_i.o)
    0x08000814   0x0000001c   Code   RO         7064    .text               mc_w.l(_chval.o)
    0x08000830   0x00000028   Code   RO         7066    .text               mc_w.l(scanf_char.o)
    0x08000858   0x00000040   Code   RO         7068    .text               mc_w.l(_sgetc.o)
    0x08000898   0x00000070   Code   RO         7072    .text               mc_w.l(strtol.o)
    0x08000908   0x00000000   Code   RO         7074    .text               mc_w.l(iusefp.o)
    0x08000908   0x0000014e   Code   RO         7075    .text               mf_w.l(dadd.o)
    0x08000a56   0x000000e4   Code   RO         7077    .text               mf_w.l(dmul.o)
    0x08000b3a   0x000000de   Code   RO         7079    .text               mf_w.l(ddiv.o)
    0x08000c18   0x00000030   Code   RO         7081    .text               mf_w.l(dfixul.o)
    0x08000c48   0x00000030   Code   RO         7083    .text               mf_w.l(cdrcmple.o)
    0x08000c78   0x00000024   Code   RO         7085    .text               mc_w.l(init.o)
    0x08000c9c   0x00000024   Code   RO         7087    .text               mc_w.l(llsshr.o)
    0x08000cc0   0x0000032c   Code   RO         7091    .text               mc_w.l(_scanf.o)
    0x08000fec   0x0000009e   Code   RO         7097    .text               mc_w.l(_strtoul.o)
    0x0800108a   0x000000ba   Code   RO         7099    .text               mf_w.l(depilogue.o)
    0x08001144   0x00000056   Code   RO         7118    .text               mc_w.l(__dczerorl2.o)
    0x0800119a   0x00000002   Code   RO          475    i.BusFault_Handler  stm32l4xx_it.o
    0x0800119c   0x00000002   Code   RO          476    i.DebugMon_Handler  stm32l4xx_it.o
    0x0800119e   0x00000002   PAD
    0x080011a0   0x00000054   Code   RO         4939    i.GetLocalTimeByGsm  at_for_sim900.o
    0x080011f4   0x000000d4   Code   RO         4940    i.GetTimeStampByGsm  at_for_sim900.o
    0x080012c8   0x0000001c   Code   RO         2691    i.HAL_Delay         stm32l4xx_hal.o
    0x080012e4   0x00000188   Code   RO         3073    i.HAL_GPIO_Init     stm32l4xx_hal_gpio.o
    0x0800146c   0x0000000c   Code   RO         2695    i.HAL_GetTick       stm32l4xx_hal.o
    0x08001478   0x00000010   Code   RO         2699    i.HAL_IncTick       stm32l4xx_hal.o
    0x08001488   0x00000016   Code   RO         2700    i.HAL_Init          stm32l4xx_hal.o
    0x0800149e   0x00000002   PAD
    0x080014a0   0x00000074   Code   RO          435    i.HAL_InitTick      stm32l4xx_hal_timebase_tim.o
    0x08001514   0x00000080   Code   RO           13    i.HAL_MspInit       stm32l4xx_hal_msp.o
    0x08001594   0x00000016   Code   RO         1060    i.HAL_NVIC_EnableIRQ  stm32l4xx_hal_cortex.o
    0x080015aa   0x00000002   PAD
    0x080015ac   0x00000040   Code   RO         1066    i.HAL_NVIC_SetPriority  stm32l4xx_hal_cortex.o
    0x080015ec   0x00000024   Code   RO         1067    i.HAL_NVIC_SetPriorityGrouping  stm32l4xx_hal_cortex.o
    0x08001610   0x00000064   Code   RO          840    i.HAL_PWREx_ControlVoltageScaling  stm32l4xx_hal_pwr_ex.o
    0x08001674   0x00000010   Code   RO          867    i.HAL_PWREx_GetVoltageRange  stm32l4xx_hal_pwr_ex.o
    0x08001684   0x000002e8   Code   RO         2919    i.HAL_RCCEx_PeriphCLKConfig  stm32l4xx_hal_rcc_ex.o
    0x0800196c   0x0000017c   Code   RO         2070    i.HAL_RCC_ClockConfig  stm32l4xx_hal_rcc.o
    0x08001ae8   0x00000040   Code   RO         2073    i.HAL_RCC_GetClockConfig  stm32l4xx_hal_rcc.o
    0x08001b28   0x0000000c   Code   RO         2074    i.HAL_RCC_GetHCLKFreq  stm32l4xx_hal_rcc.o
    0x08001b34   0x00000020   Code   RO         2076    i.HAL_RCC_GetPCLK1Freq  stm32l4xx_hal_rcc.o
    0x08001b54   0x00000020   Code   RO         2077    i.HAL_RCC_GetPCLK2Freq  stm32l4xx_hal_rcc.o
    0x08001b74   0x000000c4   Code   RO         2078    i.HAL_RCC_GetSysClockFreq  stm32l4xx_hal_rcc.o
    0x08001c38   0x000004b4   Code   RO         2081    i.HAL_RCC_OscConfig  stm32l4xx_hal_rcc.o
    0x080020ec   0x00000018   Code   RO         1069    i.HAL_SYSTICK_CLKSourceConfig  stm32l4xx_hal_cortex.o
    0x08002104   0x00000028   Code   RO         1071    i.HAL_SYSTICK_Config  stm32l4xx_hal_cortex.o
    0x0800212c   0x00000002   Code   RO         2170    i.HAL_TIMEx_BreakCallback  stm32l4xx_hal_tim_ex.o
    0x0800212e   0x00000002   Code   RO         2171    i.HAL_TIMEx_CommutationCallback  stm32l4xx_hal_tim_ex.o
    0x08002130   0x0000004c   Code   RO         2189    i.HAL_TIMEx_MasterConfigSynchronization  stm32l4xx_hal_tim_ex.o
    0x0800217c   0x00000038   Code   RO         3138    i.HAL_TIM_Base_Init  stm32l4xx_hal_tim.o
    0x080021b4   0x00000038   Code   RO           15    i.HAL_TIM_Base_MspInit  stm32l4xx_hal_msp.o
    0x080021ec   0x00000018   Code   RO         3143    i.HAL_TIM_Base_Start_IT  stm32l4xx_hal_tim.o
    0x08002204   0x000000fc   Code   RO         3147    i.HAL_TIM_ConfigClockSource  stm32l4xx_hal_tim.o
    0x08002300   0x00000002   Code   RO         3167    i.HAL_TIM_IC_CaptureCallback  stm32l4xx_hal_tim.o
    0x08002302   0x00000166   Code   RO         3180    i.HAL_TIM_IRQHandler  stm32l4xx_hal_tim.o
    0x08002468   0x00000002   Code   RO         3183    i.HAL_TIM_OC_DelayElapsedCallback  stm32l4xx_hal_tim.o
    0x0800246a   0x00000002   Code   RO         3210    i.HAL_TIM_PWM_PulseFinishedCallback  stm32l4xx_hal_tim.o
    0x0800246c   0x00000014   Code   RO          165    i.HAL_TIM_PeriodElapsedCallback  main.o
    0x08002480   0x00000002   Code   RO         3221    i.HAL_TIM_TriggerCallback  stm32l4xx_hal_tim.o
    0x08002482   0x0000006c   Code   RO         1216    i.HAL_UART_Init     stm32l4xx_hal_uart.o
    0x080024ee   0x00000002   PAD
    0x080024f0   0x00000098   Code   RO           17    i.HAL_UART_MspInit  stm32l4xx_hal_msp.o
    0x08002588   0x000000b2   Code   RO         1224    i.HAL_UART_Transmit  stm32l4xx_hal_uart.o
    0x0800263a   0x00000002   Code   RO          477    i.HardFault_Handler  stm32l4xx_it.o
    0x0800263c   0x00000048   Code   RO         6362    i.MQTTDeserialize_ack  mqttdeserializepublish.o
    0x08002684   0x0000005c   Code   RO         6299    i.MQTTDeserialize_connack  mqttconnectclient.o
    0x080026e0   0x0000008a   Code   RO         6363    i.MQTTDeserialize_publish  mqttdeserializepublish.o
    0x0800276a   0x0000007c   Code   RO         6588    i.MQTTDeserialize_suback  mqttsubscribeclient.o
    0x080027e6   0x00000036   Code   RO         6438    i.MQTTPacket_decode  mqttpacket.o
    0x0800281c   0x00000014   Code   RO         6439    i.MQTTPacket_decodeBuf  mqttpacket.o
    0x08002830   0x00000028   Code   RO         6440    i.MQTTPacket_encode  mqttpacket.o
    0x08002858   0x00000034   Code   RO         6441    i.MQTTPacket_equals  mqttpacket.o
    0x0800288c   0x00000028   Code   RO         6442    i.MQTTPacket_len    mqttpacket.o
    0x080028b4   0x00000048   Code   RO         6546    i.MQTTSerialize_ack  mqttserializepublish.o
    0x080028fc   0x00000118   Code   RO         6300    i.MQTTSerialize_connect  mqttconnectclient.o
    0x08002a14   0x00000076   Code   RO         6301    i.MQTTSerialize_connectLength  mqttconnectclient.o
    0x08002a8a   0x00000006   Code   RO         6302    i.MQTTSerialize_disconnect  mqttconnectclient.o
    0x08002a90   0x00000006   Code   RO         6303    i.MQTTSerialize_pingreq  mqttconnectclient.o
    0x08002a96   0x00000086   Code   RO         6549    i.MQTTSerialize_publish  mqttserializepublish.o
    0x08002b1c   0x0000001e   Code   RO         6550    i.MQTTSerialize_publishLength  mqttserializepublish.o
    0x08002b3a   0x00000002   PAD
    0x08002b3c   0x0000008c   Code   RO         6589    i.MQTTSerialize_subscribe  mqttsubscribeclient.o
    0x08002bc8   0x0000002e   Code   RO         6590    i.MQTTSerialize_subscribeLength  mqttsubscribeclient.o
    0x08002bf6   0x00000032   Code   RO         6304    i.MQTTSerialize_zero  mqttconnectclient.o
    0x08002c28   0x0000000e   Code   RO         6445    i.MQTTstrlen        mqttpacket.o
    0x08002c36   0x00000002   PAD
    0x08002c38   0x00000054   Code   RO          166    i.MX_TIM2_Init      main.o
    0x08002c8c   0x00000038   Code   RO          167    i.MX_USART1_UART_Init  main.o
    0x08002cc4   0x00000038   Code   RO          168    i.MX_USART2_UART_Init  main.o
    0x08002cfc   0x00000002   Code   RO          478    i.MemManage_Handler  stm32l4xx_it.o
    0x08002cfe   0x00000002   Code   RO          479    i.NMI_Handler       stm32l4xx_it.o
    0x08002d00   0x00000020   Code   RO         1073    i.NVIC_SetPriority  stm32l4xx_hal_cortex.o
    0x08002d20   0x0000012c   Code   RO         2922    i.RCCEx_PLLSAI1_Config  stm32l4xx_hal_rcc_ex.o
    0x08002e4c   0x00000080   Code   RO         2082    i.RCC_SetFlashLatencyFromMSIRange  stm32l4xx_hal_rcc.o
    0x08002ecc   0x00000004   Code   RO          480    i.SysTick_Handler   stm32l4xx_it.o
    0x08002ed0   0x0000007a   Code   RO          170    i.SystemClock_Config  main.o
    0x08002f4a   0x00000002   PAD
    0x08002f4c   0x00000044   Code   RO          616    i.SystemInit        system_stm32l4xx.o
    0x08002f90   0x0000000c   Code   RO          481    i.TIM1_UP_TIM16_IRQHandler  stm32l4xx_it.o
    0x08002f9c   0x0000000c   Code   RO          482    i.TIM2_IRQHandler   stm32l4xx_it.o
    0x08002fa8   0x0000006c   Code   RO         3222    i.TIM_Base_SetConfig  stm32l4xx_hal_tim.o
    0x08003014   0x00000014   Code   RO         3229    i.TIM_ETR_SetConfig  stm32l4xx_hal_tim.o
    0x08003028   0x00000010   Code   RO         3230    i.TIM_ITRx_SetConfig  stm32l4xx_hal_tim.o
    0x08003038   0x00000022   Code   RO         3238    i.TIM_TI1_ConfigInputStage  stm32l4xx_hal_tim.o
    0x0800305a   0x00000024   Code   RO         3240    i.TIM_TI2_ConfigInputStage  stm32l4xx_hal_tim.o
    0x0800307e   0x000000c8   Code   RO         1229    i.UART_AdvFeatureConfig  stm32l4xx_hal_uart.o
    0x08003146   0x0000005c   Code   RO         1230    i.UART_CheckIdleState  stm32l4xx_hal_uart.o
    0x080031a2   0x00000002   PAD
    0x080031a4   0x00000258   Code   RO         1245    i.UART_SetConfig    stm32l4xx_hal_uart.o
    0x080033fc   0x00000064   Code   RO         1248    i.UART_WaitOnFlagUntilTimeout  stm32l4xx_hal_uart.o
    0x08003460   0x00000048   Code   RO         4852    i.USART1_IRQHandler  at_driver.o
    0x080034a8   0x00000002   Code   RO          483    i.UsageFault_Handler  stm32l4xx_it.o
    0x080034aa   0x00000002   PAD
    0x080034ac   0x0000004c   Code   RO         4853    i.WaitForAck        at_driver.o
    0x080034f8   0x00000020   Code   RO         6993    i.__0printf         mc_w.l(printfa.o)
    0x08003518   0x00000028   Code   RO         6994    i.__0snprintf       mc_w.l(printfa.o)
    0x08003540   0x00000008   Code   RO         7057    i.__aeabi_errno_addr  mc_w.l(errno.o)
    0x08003548   0x0000000e   Code   RO         7112    i.__scatterload_copy  mc_w.l(handlers.o)
    0x08003556   0x00000002   Code   RO         7113    i.__scatterload_null  mc_w.l(handlers.o)
    0x08003558   0x0000000e   Code   RO         7114    i.__scatterload_zeroinit  mc_w.l(handlers.o)
    0x08003566   0x00000002   PAD
    0x08003568   0x000000a0   Code   RO         5747    i._check_connection  tc_iot_mqtt.o
    0x08003608   0x0000000c   Code   RO         5748    i._close_session    tc_iot_mqtt.o
    0x08003614   0x00000164   Code   RO         7000    i._fp_digits        mc_w.l(printfa.o)
    0x08003778   0x00000098   Code   RO         5749    i._get_next_pack_id  tc_iot_mqtt.o
    0x08003810   0x00000348   Code   RO         5750    i._handle_reconnect  tc_iot_mqtt.o
    0x08003b58   0x00000108   Code   RO         6636    i._on_message_received  app_main.o
    0x08003c60   0x00000094   Code   RO         5751    i._on_new_message_data  tc_iot_mqtt.o
    0x08003cf4   0x000006dc   Code   RO         7001    i._printf_core      mc_w.l(printfa.o)
    0x080043d0   0x00000024   Code   RO         7002    i._printf_post_padding  mc_w.l(printfa.o)
    0x080043f4   0x0000002e   Code   RO         7003    i._printf_pre_padding  mc_w.l(printfa.o)
    0x08004422   0x00000002   PAD
    0x08004424   0x00000164   Code   RO         6637    i._refresh_token    app_main.o
    0x08004588   0x00000184   Code   RO         5752    i._send_packet      tc_iot_mqtt.o
    0x0800470c   0x00000016   Code   RO         7004    i._snputc           mc_w.l(printfa.o)
    0x08004722   0x00000002   PAD
    0x08004724   0x00000138   Code   RO         5377    i._unicode_char_to_long  tc_iot_json.o
    0x0800485c   0x00000104   Code   RO         5270    i.add_tc_iot_url_encoded_field  tc_iot_http_utils.o
    0x08004960   0x000000e8   Code   RO         5271    i.add_url_long_field  tc_iot_http_utils.o
    0x08004a48   0x00000028   Code   RO         4854    i.atAlive           at_driver.o
    0x08004a70   0x00000028   Code   RO         4855    i.atEchoOff         at_driver.o
    0x08004a98   0x00000014   Code   RO         4857    i.at_send_data      at_driver.o
    0x08004aac   0x00000024   Code   RO         6446    i.bufchar           mqttpacket.o
    0x08004ad0   0x00000080   Code   RO         4941    i.copyDataToBuf     at_for_sim900.o
    0x08004b50   0x0000039c   Code   RO         5753    i.cycle             tc_iot_mqtt.o
    0x08004eec   0x00000100   Code   RO         5754    i.decodePacket      tc_iot_mqtt.o
    0x08004fec   0x00000168   Code   RO         5755    i.deliverMessage    tc_iot_mqtt.o
    0x08005154   0x00000088   Code   RO         4858    i.exec_gsm_at       at_driver.o
    0x080051dc   0x0000001c   Code   RO          558    i.fputc             retarget.o
    0x080051f8   0x00000004   Code   RO         4859    i.gsm_hw_init       at_driver.o
    0x080051fc   0x00000218   Code   RO         6228    i.http_post_urlencoded  tc_iot_token.o
    0x08005414   0x00000014   Code   RO         6229    i.http_refresh_auth_token  tc_iot_token.o
    0x08005428   0x000007d8   Code   RO         6230    i.http_refresh_auth_token_with_expire  tc_iot_token.o
    0x08005c00   0x00000048   Code   RO         4862    i.init_send_cmd     at_driver.o
    0x08005c48   0x000000fc   Code   RO         5756    i.isTopicMatched    tc_iot_mqtt.o
    0x08005d44   0x0000002a   Code   RO         6258    i.jsmn_alloc_token  jsmn.o
    0x08005d6e   0x0000000c   Code   RO         6259    i.jsmn_fill_token   jsmn.o
    0x08005d7a   0x0000000c   Code   RO         6260    i.jsmn_init         jsmn.o
    0x08005d86   0x00000192   Code   RO         6261    i.jsmn_parse        jsmn.o
    0x08005f18   0x00000082   Code   RO         6262    i.jsmn_parse_primitive  jsmn.o
    0x08005f9a   0x00000002   PAD
    0x08005f9c   0x000000da   Code   RO         6263    i.jsmn_parse_string  jsmn.o
    0x08006076   0x00000002   PAD
    0x08006078   0x000000ec   Code   RO         5757    i.keepalive         tc_iot_mqtt.o
    0x08006164   0x000000d8   Code   RO          172    i.main              main.o
    0x0800623c   0x00000024   Code   RO         6638    i.my_default_msg_handler  app_main.o
    0x08006260   0x00000014   Code   RO         6639    i.my_disconnect_handler  app_main.o
    0x08006274   0x00000048   Code   RO         4942    i.net_connectState_by_gsm  at_for_sim900.o
    0x080062bc   0x00000080   Code   RO         4943    i.net_connect_by_gsm  at_for_sim900.o
    0x0800633c   0x00000044   Code   RO         4944    i.net_destroy_by_gsm  at_for_sim900.o
    0x08006380   0x00000040   Code   RO         4945    i.net_disconnect_by_gsm  at_for_sim900.o
    0x080063c0   0x0000017c   Code   RO         4946    i.net_init_by_gsm   at_for_sim900.o
    0x0800653c   0x000000e0   Code   RO         4947    i.net_read_by_gsm   at_for_sim900.o
    0x0800661c   0x000000d0   Code   RO         4948    i.net_write_by_gsm  at_for_sim900.o
    0x080066ec   0x00000014   Code   RO         3861    i.osSystickHandler  cmsis_os.o
    0x08006700   0x00000020   Code   RO         4203    i.prvResetNextTaskUnblockTime  tasks.o
    0x08006720   0x0000000c   Code   RO         6448    i.readChar          mqttpacket.o
    0x0800672c   0x00000012   Code   RO         6449    i.readInt           mqttpacket.o
    0x0800673e   0x00000034   Code   RO         6450    i.readMQTTLenString  mqttpacket.o
    0x08006772   0x00000002   PAD
    0x08006774   0x00000188   Code   RO         5758    i.readPacket        tc_iot_mqtt.o
    0x080068fc   0x00000134   Code   RO         6640    i.report_status     app_main.o
    0x08006a30   0x0000013c   Code   RO         6641    i.run_mqtt          app_main.o
    0x08006b6c   0x000000b0   Code   RO         6642    i.tc_io_main        app_main.o
    0x08006c1c   0x000001f4   Code   RO         5214    i.tc_iot_base64_encode  tc_iot_base64.o
    0x08006e10   0x00000364   Code   RO         5273    i.tc_iot_calc_auth_sign  tc_iot_http_utils.o
    0x08007174   0x0000001c   Code   RO         5016    i.tc_iot_copy_net_context  tc_iot_hal_net.o
    0x08007190   0x00000248   Code   RO         5275    i.tc_iot_create_auth_request_form  tc_iot_http_utils.o
    0x080073d8   0x00000248   Code   RO         5278    i.tc_iot_create_http_request  tc_iot_http_utils.o
    0x08007620   0x00000068   Code   RO         5279    i.tc_iot_create_post_request  tc_iot_http_utils.o
    0x08007688   0x00000104   Code   RO         5017    i.tc_iot_hal_net_connect  tc_iot_hal_net.o
    0x0800778c   0x00000004   Code   RO         5018    i.tc_iot_hal_net_destroy  tc_iot_hal_net.o
    0x08007790   0x0000000a   Code   RO         5019    i.tc_iot_hal_net_disconnect  tc_iot_hal_net.o
    0x0800779a   0x00000002   PAD
    0x0800779c   0x00000048   Code   RO         5020    i.tc_iot_hal_net_init  tc_iot_hal_net.o
    0x080077e4   0x00000020   Code   RO         5021    i.tc_iot_hal_net_is_connected  tc_iot_hal_net.o
    0x08007804   0x000000a8   Code   RO         5022    i.tc_iot_hal_net_read  tc_iot_hal_net.o
    0x080078ac   0x00000010   Code   RO         5023    i.tc_iot_hal_net_write  tc_iot_hal_net.o
    0x080078bc   0x0000000a   Code   RO         5103    i.tc_iot_hal_sleep_ms  tc_iot_hal_os.o
    0x080078c6   0x00000002   PAD
    0x080078c8   0x0000000c   Code   RO         5104    i.tc_iot_hal_srandom  tc_iot_hal_os.o
    0x080078d4   0x00000008   Code   RO         5159    i.tc_iot_hal_timer_countdown_ms  tc_iot_hal_timer.o
    0x080078dc   0x0000000e   Code   RO         5160    i.tc_iot_hal_timer_countdown_second  tc_iot_hal_timer.o
    0x080078ea   0x0000000c   Code   RO         5161    i.tc_iot_hal_timer_init  tc_iot_hal_timer.o
    0x080078f6   0x00000016   Code   RO         5162    i.tc_iot_hal_timer_is_expired  tc_iot_hal_timer.o
    0x0800790c   0x0000000e   Code   RO         5163    i.tc_iot_hal_timer_left_ms  tc_iot_hal_timer.o
    0x0800791a   0x00000004   Code   RO         5105    i.tc_iot_hal_timestamp  tc_iot_hal_os.o
    0x0800791e   0x0000007c   Code   RO         5236    i.tc_iot_hmac_sha256  tc_iot_hmac.o
    0x0800799a   0x00000082   Code   RO         5237    i.tc_iot_hmac_sha256_init  tc_iot_hmac.o
    0x08007a1c   0x000000bc   Code   RO         5282    i.tc_iot_http_request_append_body  tc_iot_http_utils.o
    0x08007ad8   0x0000011c   Code   RO         5283    i.tc_iot_http_request_append_header  tc_iot_http_utils.o
    0x08007bf4   0x00000154   Code   RO         5284    i.tc_iot_http_request_init  tc_iot_http_utils.o
    0x08007d48   0x00000114   Code   RO         5285    i.tc_iot_http_request_n_append_header  tc_iot_http_utils.o
    0x08007e5c   0x00000034   Code   RO         5759    i.tc_iot_init_mqtt_conn_data  tc_iot_mqtt.o
    0x08007e90   0x00000298   Code   RO         5379    i.tc_iot_json_find_token  tc_iot_json.o
    0x08008128   0x000000dc   Code   RO         5381    i.tc_iot_json_parse  tc_iot_json.o
    0x08008204   0x000001c8   Code   RO         5384    i.tc_iot_json_unescape  tc_iot_json.o
    0x080083cc   0x000000f0   Code   RO         5396    i.tc_iot_jsoneq_len  tc_iot_json.o
    0x080084bc   0x00000014   Code   RO         5512    i.tc_iot_log_level_enabled  tc_iot_log.o
    0x080084d0   0x0000003c   Code   RO         5513    i.tc_iot_log_summary_string  tc_iot_log.o
    0x0800850c   0x000001b0   Code   RO         5686    i.tc_iot_mqtt_client_connect  tc_iot_client.o
    0x080086bc   0x000000c4   Code   RO         5687    i.tc_iot_mqtt_client_construct  tc_iot_client.o
    0x08008780   0x00000084   Code   RO         5689    i.tc_iot_mqtt_client_disconnect  tc_iot_client.o
    0x08008804   0x0000000e   Code   RO         5690    i.tc_iot_mqtt_client_is_connected  tc_iot_client.o
    0x08008812   0x00000002   PAD
    0x08008814   0x000000ac   Code   RO         5691    i.tc_iot_mqtt_client_publish  tc_iot_client.o
    0x080088c0   0x000000b4   Code   RO         5692    i.tc_iot_mqtt_client_subscribe  tc_iot_client.o
    0x08008974   0x00000084   Code   RO         5694    i.tc_iot_mqtt_client_yield  tc_iot_client.o
    0x080089f8   0x00000088   Code   RO         5760    i.tc_iot_mqtt_connect  tc_iot_mqtt.o
    0x08008a80   0x00000270   Code   RO         5761    i.tc_iot_mqtt_connect_with_results  tc_iot_mqtt.o
    0x08008cf0   0x000000b8   Code   RO         5763    i.tc_iot_mqtt_disconnect  tc_iot_mqtt.o
    0x08008da8   0x0000006c   Code   RO         5764    i.tc_iot_mqtt_get_auto_reconnect  tc_iot_mqtt.o
    0x08008e14   0x0000007c   Code   RO         5765    i.tc_iot_mqtt_get_state  tc_iot_mqtt.o
    0x08008e90   0x00000234   Code   RO         5766    i.tc_iot_mqtt_init  tc_iot_mqtt.o
    0x080090c4   0x00000094   Code   RO         5767    i.tc_iot_mqtt_is_connected  tc_iot_mqtt.o
    0x08009158   0x00000354   Code   RO         5768    i.tc_iot_mqtt_publish  tc_iot_mqtt.o
    0x080094ac   0x0000029c   Code   RO         5769    i.tc_iot_mqtt_reconnect  tc_iot_mqtt.o
    0x08009748   0x00000140   Code   RO         5771    i.tc_iot_mqtt_set_message_handler  tc_iot_mqtt.o
    0x08009888   0x0000008c   Code   RO         5772    i.tc_iot_mqtt_set_state  tc_iot_mqtt.o
    0x08009914   0x000000b8   Code   RO         5773    i.tc_iot_mqtt_subscribe  tc_iot_mqtt.o
    0x080099cc   0x0000033c   Code   RO         5774    i.tc_iot_mqtt_subscribe_with_results  tc_iot_mqtt.o
    0x08009d08   0x000001a0   Code   RO         5776    i.tc_iot_mqtt_yield  tc_iot_mqtt.o
    0x08009ea8   0x00000180   Code   RO         5286    i.tc_iot_parse_http_response_code  tc_iot_http_utils.o
    0x0800a028   0x00000094   Code   RO         5238    i.tc_iot_sha256_finish  tc_iot_hmac.o
    0x0800a0bc   0x00000024   Code   RO         5239    i.tc_iot_sha256_init  tc_iot_hmac.o
    0x0800a0e0   0x00000204   Code   RO         5240    i.tc_iot_sha256_update  tc_iot_hmac.o
    0x0800a2e4   0x0000027c   Code   RO         5397    i.tc_iot_unicode_to_utf8  tc_iot_json.o
    0x0800a560   0x0000007c   Code   RO         5598    i.tc_iot_url_encode  tc_iot_url.o
    0x0800a5dc   0x000001e0   Code   RO         5599    i.tc_iot_url_parse  tc_iot_url.o
    0x0800a7bc   0x000000c4   Code   RO         5631    i.tc_iot_yabuffer_append  tc_iot_ya_buffer.o
    0x0800a880   0x00000078   Code   RO         5632    i.tc_iot_yabuffer_current  tc_iot_ya_buffer.o
    0x0800a8f8   0x0000014c   Code   RO         5633    i.tc_iot_yabuffer_forward  tc_iot_ya_buffer.o
    0x0800aa44   0x00000120   Code   RO         5634    i.tc_iot_yabuffer_init  tc_iot_ya_buffer.o
    0x0800ab64   0x0000008c   Code   RO         5635    i.tc_iot_yabuffer_left  tc_iot_ya_buffer.o
    0x0800abf0   0x0000014c   Code   RO         5637    i.tc_iot_yabuffer_n_append  tc_iot_ya_buffer.o
    0x0800ad3c   0x00000098   Code   RO         5638    i.tc_iot_yabuffer_reset  tc_iot_ya_buffer.o
    0x0800add4   0x00000024   Code   RO         3774    i.uxListRemove      list.o
    0x0800adf8   0x00000018   Code   RO         3778    i.vListInsertEnd    list.o
    0x0800ae10   0x0000005c   Code   RO         4225    i.vTaskSwitchContext  tasks.o
    0x0800ae6c   0x000000d4   Code   RO         5777    i.waitfor           tc_iot_mqtt.o
    0x0800af40   0x00000028   Code   RO         6451    i.writeCString      mqttpacket.o
    0x0800af68   0x0000000c   Code   RO         6452    i.writeChar         mqttpacket.o
    0x0800af74   0x0000001e   Code   RO         6453    i.writeInt          mqttpacket.o
    0x0800af92   0x00000036   Code   RO         6454    i.writeMQTTString   mqttpacket.o
    0x0800afc8   0x0000002c   Code   RO         4713    i.xPortSysTickHandler  port.o
    0x0800aff4   0x0000001c   Code   RO         4231    i.xTaskGetSchedulerState  tasks.o
    0x0800b010   0x000000c8   Code   RO         4234    i.xTaskIncrementTick  tasks.o
    0x0800b0d8   0x00000040   Data   RO          617    .constdata          system_stm32l4xx.o
    0x0800b118   0x00000008   Data   RO          618    .constdata          system_stm32l4xx.o
    0x0800b120   0x00000014   Data   RO         5024    .constdata          tc_iot_hal_net.o
    0x0800b134   0x00000176   Data   RO         5215    .constdata          tc_iot_base64.o
    0x0800b2aa   0x00000002   PAD
    0x0800b2ac   0x00000124   Data   RO         5241    .constdata          tc_iot_hmac.o
    0x0800b3d0   0x00000181   Data   RO         5287    .constdata          tc_iot_http_utils.o
    0x0800b551   0x0000018d   Data   RO         5398    .constdata          tc_iot_json.o
    0x0800b6de   0x00000011   Data   RO         5600    .constdata          tc_iot_url.o
    0x0800b6ef   0x000000b4   Data   RO         5639    .constdata          tc_iot_ya_buffer.o
    0x0800b7a3   0x000000c6   Data   RO         5695    .constdata          tc_iot_client.o
    0x0800b869   0x00000233   Data   RO         5778    .constdata          tc_iot_mqtt.o
    0x0800ba9c   0x00000050   Data   RO         6231    .constdata          tc_iot_token.o
    0x0800baec   0x00000015   Data   RO         6643    .constdata          app_main.o
    0x0800bb01   0x00000081   Data   RO         6704    .constdata          mc_w.l(ctype_o.o)
    0x0800bb82   0x00000002   PAD
    0x0800bb84   0x00000004   Data   RO         6705    .constdata          mc_w.l(ctype_o.o)
    0x0800bb88   0x0000000c   Data   RO         6732    .constdata          mc_w.l(mktime.o)
    0x0800bb94   0x0000000c   Data   RO         7055    .constdata          mc_w.l(localtime_i.o)
    0x0800bba0   0x0000004a   Data   RO         5288    .conststring        tc_iot_http_utils.o
    0x0800bbea   0x00000002   PAD
    0x0800bbec   0x00000061   Data   RO         5779    .conststring        tc_iot_mqtt.o
    0x0800bc4d   0x00000003   PAD
    0x0800bc50   0x00000067   Data   RO         6644    .conststring        app_main.o
    0x0800bcb7   0x00000001   PAD
    0x0800bcb8   0x00000020   Data   RO         7110    Region$$Table       anon$$obj.o


    Execution Region RW_IRAM1 (Base: 0x20000000, Size: 0x00002480, Max: 0x00010000, ABSOLUTE, COMPRESSED[0x000000c4])

    Base Addr    Size         Type   Attr      Idx    E Section Name        Object

    0x20000000   0x00000004   Data   RW          559    .data               retarget.o
    0x20000004   0x00000004   Data   RW          560    .data               retarget.o
    0x20000008   0x00000004   Data   RW          619    .data               system_stm32l4xx.o
    0x2000000c   0x00000004   Data   RW         2716    .data               stm32l4xx_hal.o
    0x20000010   0x0000003c   Data   RW         4243    .data               tasks.o
    0x2000004c   0x00000004   Data   RW         4864    .data               at_driver.o
    0x20000050   0x00000004   Data   RW         5107    .data               tc_iot_hal_os.o
    0x20000054   0x00000001   Data   RW         5516    .data               tc_iot_log.o
    0x20000055   0x00000011   Data   RW         5601    .data               tc_iot_url.o
    0x20000066   0x00000002   PAD
    0x20000068   0x00000004   Data   RW         6455    .data               mqttpacket.o
    0x2000006c   0x00000326   Data   RW         6645    .data               app_main.o
    0x20000392   0x00000002   PAD
    0x20000394   0x00000004   Data   RW         7060    .data               mc_w.l(errno.o)
    0x20000398   0x00000130   Zero   RW          173    .bss                main.o
    0x200004c8   0x00000040   Zero   RW          438    .bss                stm32l4xx_hal_timebase_tim.o
    0x20000508   0x000000f0   Zero   RW         4242    .bss                tasks.o
    0x200005f8   0x00000806   Zero   RW         4863    .bss                at_driver.o
    0x20000dfe   0x00000080   Zero   RW         5515    .bss                tc_iot_log.o
    0x20000e7e   0x00000002   PAD
    0x20000e80   0x00001600   Zero   RW            1    STACK               startup_stm32l433xx.o


==============================================================================

Image component sizes


      Code (inc. data)   RO Data    RW Data    ZI Data      Debug   Object Name

      1476        854        124        806          0       6531   app_main.o
       460         58          0          4       2054       5546   at_driver.o
      1568        422          0          0          0       8279   at_for_sim900.o
        20          0          0          0          0        615   cmsis_os.o
         0          0          0          0          0        480   freertos.o
       816          0          0          0          0       5657   jsmn.o
        60          0          0          0          0       1644   list.o
       554        146          0          0        304      44377   main.o
       552         18          0          0          0       8232   mqttconnectclient.o
       210          0          0          0          0       2504   mqttdeserializepublish.o
       474         22          0          4          0      10788   mqttpacket.o
       236          0          0          0          0       3286   mqttserializepublish.o
       310          0          0          0          0       3391   mqttsubscribeclient.o
       230         22          0          0          0       4058   port.o
        28          6          0          8          0       2398   retarget.o
        36          8        396          0       5632        844   startup_stm32l433xx.o
        78         12          0          4          0       3536   stm32l4xx_hal.o
       218         14          0          0          0      30713   stm32l4xx_hal_cortex.o
       392         28          0          0          0       1712   stm32l4xx_hal_gpio.o
       336         24          0          0          0     700336   stm32l4xx_hal_msp.o
       116         20          0          0          0       1338   stm32l4xx_hal_pwr_ex.o
      2048        108          0          0          0       7573   stm32l4xx_hal_rcc.o
      1044         30          0          0          0       2816   stm32l4xx_hal_rcc_ex.o
       912         20          0          0          0       9453   stm32l4xx_hal_tim.o
        80          4          0          0          0       2530   stm32l4xx_hal_tim_ex.o
       116         16          0          0         64       1456   stm32l4xx_hal_timebase_tim.o
      1278         62          0          0          0       5805   stm32l4xx_hal_uart.o
        40         12          0          0          0       4176   stm32l4xx_it.o
        68         12         72          4          0       1245   system_stm32l4xx.o
       352         30          0         60        240      15529   tasks.o
       500        190        374          0          0       2786   tc_iot_base64.o
      1258        618        198          0          0       6298   tc_iot_client.o
       590        240         20          0          0       8785   tc_iot_hal_net.o
        26          6          0          4          0       2042   tc_iot_hal_os.o
        70          0          0          0          0       3859   tc_iot_hal_timer.o
       954         16        292          0          0       5101   tc_iot_hmac.o
      4104       1656        459          0          0      14685   tc_iot_http_utils.o
      2528        844        397          0          0      14167   tc_iot_json.o
        80         14          0          1        128       1931   tc_iot_log.o
      9680       3528        660          0          0      26049   tc_iot_mqtt.o
      2564        974         80          0          0       5964   tc_iot_token.o
       604        136         17         17          0       2719   tc_iot_url.o
      1560        842        180          0          0       6288   tc_iot_ya_buffer.o

    ----------------------------------------------------------------------
     38658      11012       3309        916       8424     997522   Object Totals
         0          0         32          0          0          0   (incl. Generated)
        32          0          8          4          2          0   (incl. Padding)

    ----------------------------------------------------------------------

      Code (inc. data)   RO Data    RW Data    ZI Data      Debug   Library Member Name

        56          8          0          0          0         84   __0sscanf.o
        86          0          0          0          0          0   __dczerorl2.o
        28          0          0          0          0         68   _chval.o
       812          4          0          0          0        112   _scanf.o
       332          0          0          0          0         96   _scanf_int.o
       224          0          0          0          0         96   _scanf_str.o
        64          0          0          0          0         84   _sgetc.o
       158          0          0          0          0         92   _strtoul.o
        26          0          0          0          0         80   atol.o
         8          4        133          0          0         68   ctype_o.o
         0          0          0          0          0          0   entry.o
         0          0          0          0          0          0   entry10a.o
         0          0          0          0          0          0   entry11a.o
         8          4          0          0          0          0   entry2.o
         4          0          0          0          0          0   entry5.o
         0          0          0          0          0          0   entry7b.o
         0          0          0          0          0          0   entry8b.o
         8          4          0          0          0          0   entry9a.o
         8          4          0          4          0         68   errno.o
        30          0          0          0          0          0   handlers.o
        36          8          0          0          0         68   init.o
        18          0          0          0          0         76   isspace_o.o
         0          0          0          0          0          0   iusefp.o
        30          0          0          0          0         68   llshl.o
        36          0          0          0          0         68   llsshr.o
        32          0          0          0          0         68   llushr.o
       140          6         12          0          0         76   localtime_i.o
        40          0          0          0          0         76   memcpy.o
        36          0          0          0          0        108   memseta.o
       168         18         12          0          0         80   mktime.o
      2288         94          0          0          0        596   printfa.o
        40          8          0          0          0         84   scanf_char.o
        20          0          0          0          0         68   strchr.o
        28          0          0          0          0         76   strcmp.o
        18          0          0          0          0         68   strcpy.o
        14          0          0          0          0         68   strlen.o
        30          0          0          0          0         80   strncmp.o
        24          0          0          0          0         76   strncpy.o
        36          0          0          0          0         80   strstr.o
       112          0          0          0          0         88   strtol.o
        44          0          0          0          0         80   uidiv.o
        98          0          0          0          0         92   uldiv.o
        48          0          0          0          0         68   cdrcmple.o
       334          0          0          0          0        148   dadd.o
       222          0          0          0          0        100   ddiv.o
       186          0          0          0          0        176   depilogue.o
        48          0          0          0          0         68   dfixul.o
       228          0          0          0          0         96   dmul.o

    ----------------------------------------------------------------------
      6218        162        159          4          0       3648   Library Totals
        12          0          2          0          0          0   (incl. Padding)

    ----------------------------------------------------------------------

      Code (inc. data)   RO Data    RW Data    ZI Data      Debug   Library Name

      5140        162        157          4          0       2992   mc_w.l
      1066          0          0          0          0        656   mf_w.l

    ----------------------------------------------------------------------
      6218        162        159          4          0       3648   Library Totals

    ----------------------------------------------------------------------

==============================================================================


      Code (inc. data)   RO Data    RW Data    ZI Data      Debug   

     44876      11174       3468        920       8424     978026   Grand Totals
     44876      11174       3468        196       8424     978026   ELF Image Totals (compressed)
     44876      11174       3468        196          0          0   ROM Totals

==============================================================================

    Total RO  Size (Code + RO Data)                48344 (  47.21kB)
    Total RW  Size (RW Data + ZI Data)              9344 (   9.13kB)
    Total ROM Size (Code + RO Data + RW Data)      48540 (  47.40kB)

==============================================================================

